[2025-11-09T22:14:08.771+0000][0.003s] Using G1
[2025-11-09T22:14:09.055+0000][0.287s] Version: 17.0.12+7 (release)
[2025-11-09T22:14:09.055+0000][0.287s] CPUs: 16 total, 16 available
[2025-11-09T22:14:09.055+0000][0.287s] Memory: 15848M
[2025-11-09T22:14:09.055+0000][0.287s] Large Page Support: Disabled
[2025-11-09T22:14:09.055+0000][0.287s] NUMA Support: Disabled
[2025-11-09T22:14:09.055+0000][0.287s] Compressed Oops: Enabled (32-bit)
[2025-11-09T22:14:09.055+0000][0.287s] Heap Region Size: 1M
[2025-11-09T22:14:09.055+0000][0.287s] Heap Min Capacity: 2G
[2025-11-09T22:14:09.055+0000][0.287s] Heap Initial Capacity: 2G
[2025-11-09T22:14:09.055+0000][0.287s] Heap Max Capacity: 2G
[2025-11-09T22:14:09.055+0000][0.287s] Pre-touch: Enabled
[2025-11-09T22:14:09.055+0000][0.287s] Parallel Workers: 13
[2025-11-09T22:14:09.055+0000][0.287s] Concurrent Workers: 3
[2025-11-09T22:14:09.055+0000][0.287s] Concurrent Refinement Workers: 13
[2025-11-09T22:14:09.055+0000][0.287s] Periodic GC: Disabled
[2025-11-09T22:14:09.061+0000][0.293s] CDS archive(s) mapped at: [0x00007fbec7000000-0x00007fbec7a60000-0x00007fbec7a60000), size 10878976, SharedBaseAddress: 0x00007fbec7000000, ArchiveRelocationMode: 1.
[2025-11-09T22:14:09.061+0000][0.293s] Compressed class space mapped at: 0x00007fbec8000000-0x00007fbf08000000, reserved size: 1073741824
[2025-11-09T22:14:09.061+0000][0.293s] Narrow klass base: 0x00007fbec7000000, Narrow klass shift: 0, Narrow klass range: 0x100000000
[2025-11-09T22:14:10.334+0000][1.566s] GC(0) Pause Young (Normal) (G1 Evacuation Pause)
[2025-11-09T22:14:10.334+0000][1.566s] GC(0) Using 13 workers of 13 for evacuation
[2025-11-09T22:14:10.339+0000][1.571s] GC(0)   Pre Evacuate Collection Set: 0.3ms
[2025-11-09T22:14:10.339+0000][1.571s] GC(0)   Merge Heap Roots: 0.2ms
[2025-11-09T22:14:10.339+0000][1.571s] GC(0)   Evacuate Collection Set: 3.3ms
[2025-11-09T22:14:10.339+0000][1.571s] GC(0)   Post Evacuate Collection Set: 0.9ms
[2025-11-09T22:14:10.339+0000][1.571s] GC(0)   Other: 0.1ms
[2025-11-09T22:14:10.339+0000][1.571s] GC(0) Eden regions: 102->0(89)
[2025-11-09T22:14:10.339+0000][1.571s] GC(0) Survivor regions: 0->13(13)
[2025-11-09T22:14:10.339+0000][1.571s] GC(0) Old regions: 0->5
[2025-11-09T22:14:10.339+0000][1.571s] GC(0) Archive regions: 2->2
[2025-11-09T22:14:10.339+0000][1.571s] GC(0) Humongous regions: 4->4
[2025-11-09T22:14:10.339+0000][1.571s] GC(0) Metaspace: 19081K(19392K)->19081K(19392K) NonClass: 16763K(16896K)->16763K(16896K) Class: 2317K(2496K)->2317K(2496K)
[2025-11-09T22:14:10.339+0000][1.571s] GC(0) Pause Young (Normal) (G1 Evacuation Pause) 106M->22M(2048M) 4.907ms
[2025-11-09T22:14:10.339+0000][1.571s] GC(0) User=0.02s Sys=0.02s Real=0.00s
[2025-11-09T22:14:10.480+0000][1.712s] GC(1) Pause Young (Concurrent Start) (Metadata GC Threshold)
[2025-11-09T22:14:10.480+0000][1.712s] GC(1) Using 13 workers of 13 for evacuation
[2025-11-09T22:14:10.484+0000][1.717s] GC(1)   Pre Evacuate Collection Set: 0.3ms
[2025-11-09T22:14:10.484+0000][1.717s] GC(1)   Merge Heap Roots: 0.1ms
[2025-11-09T22:14:10.484+0000][1.717s] GC(1)   Evacuate Collection Set: 2.9ms
[2025-11-09T22:14:10.484+0000][1.717s] GC(1)   Post Evacuate Collection Set: 0.8ms
[2025-11-09T22:14:10.484+0000][1.717s] GC(1)   Other: 0.4ms
[2025-11-09T22:14:10.484+0000][1.717s] GC(1) Eden regions: 12->0(118)
[2025-11-09T22:14:10.484+0000][1.717s] GC(1) Survivor regions: 13->2(13)
[2025-11-09T22:14:10.484+0000][1.717s] GC(1) Old regions: 5->19
[2025-11-09T22:14:10.484+0000][1.717s] GC(1) Archive regions: 2->2
[2025-11-09T22:14:10.484+0000][1.717s] GC(1) Humongous regions: 4->4
[2025-11-09T22:14:10.484+0000][1.717s] GC(1) Metaspace: 21192K(21504K)->21192K(21504K) NonClass: 18600K(18752K)->18600K(18752K) Class: 2592K(2752K)->2592K(2752K)
[2025-11-09T22:14:10.484+0000][1.717s] GC(1) Pause Young (Concurrent Start) (Metadata GC Threshold) 34M->25M(2048M) 4.624ms
[2025-11-09T22:14:10.485+0000][1.717s] GC(1) User=0.03s Sys=0.00s Real=0.01s
[2025-11-09T22:14:10.485+0000][1.717s] GC(2) Concurrent Mark Cycle
[2025-11-09T22:14:10.485+0000][1.717s] GC(2) Concurrent Clear Claimed Marks
[2025-11-09T22:14:10.485+0000][1.717s] GC(2) Concurrent Clear Claimed Marks 0.041ms
[2025-11-09T22:14:10.485+0000][1.717s] GC(2) Concurrent Scan Root Regions
[2025-11-09T22:14:10.487+0000][1.719s] GC(2) Concurrent Scan Root Regions 1.878ms
[2025-11-09T22:14:10.487+0000][1.719s] GC(2) Concurrent Mark
[2025-11-09T22:14:10.487+0000][1.719s] GC(2) Concurrent Mark From Roots
[2025-11-09T22:14:10.487+0000][1.719s] GC(2) Using 3 workers of 3 for marking
[2025-11-09T22:14:10.490+0000][1.722s] GC(2) Concurrent Mark From Roots 3.093ms
[2025-11-09T22:14:10.490+0000][1.722s] GC(2) Concurrent Preclean
[2025-11-09T22:14:10.490+0000][1.722s] GC(2) Concurrent Preclean 0.063ms
[2025-11-09T22:14:10.490+0000][1.722s] GC(2) Pause Remark
[2025-11-09T22:14:10.492+0000][1.724s] GC(2) Pause Remark 25M->25M(2048M) 1.787ms
[2025-11-09T22:14:10.492+0000][1.724s] GC(2) User=0.01s Sys=0.00s Real=0.01s
[2025-11-09T22:14:10.492+0000][1.724s] GC(2) Concurrent Mark 5.223ms
[2025-11-09T22:14:10.492+0000][1.724s] GC(2) Concurrent Rebuild Remembered Sets
[2025-11-09T22:14:10.494+0000][1.727s] GC(2) Concurrent Rebuild Remembered Sets 2.568ms
[2025-11-09T22:14:10.495+0000][1.727s] GC(2) Pause Cleanup
[2025-11-09T22:14:10.495+0000][1.727s] GC(2) Pause Cleanup 25M->25M(2048M) 0.297ms
[2025-11-09T22:14:10.495+0000][1.727s] GC(2) User=0.00s Sys=0.00s Real=0.00s
[2025-11-09T22:14:10.495+0000][1.727s] GC(2) Concurrent Cleanup for Next Mark
[2025-11-09T22:14:10.496+0000][1.728s] GC(2) Concurrent Cleanup for Next Mark 1.313ms
[2025-11-09T22:14:10.496+0000][1.728s] GC(2) Concurrent Mark Cycle 11.703ms
[2025-11-09T22:14:11.544+0000][2.776s] GC(3) Pause Young (Concurrent Start) (Metadata GC Threshold)
[2025-11-09T22:14:11.544+0000][2.776s] GC(3) Using 13 workers of 13 for evacuation
[2025-11-09T22:14:11.548+0000][2.780s] GC(3)   Pre Evacuate Collection Set: 0.3ms
[2025-11-09T22:14:11.548+0000][2.780s] GC(3)   Merge Heap Roots: 0.2ms
[2025-11-09T22:14:11.548+0000][2.780s] GC(3)   Evacuate Collection Set: 2.3ms
[2025-11-09T22:14:11.548+0000][2.780s] GC(3)   Post Evacuate Collection Set: 1.2ms
[2025-11-09T22:14:11.548+0000][2.780s] GC(3)   Other: 0.2ms
[2025-11-09T22:14:11.548+0000][2.780s] GC(3) Eden regions: 106->0(258)
[2025-11-09T22:14:11.548+0000][2.780s] GC(3) Survivor regions: 2->7(15)
[2025-11-09T22:14:11.548+0000][2.780s] GC(3) Old regions: 19->19
[2025-11-09T22:14:11.548+0000][2.780s] GC(3) Archive regions: 2->2
[2025-11-09T22:14:11.548+0000][2.780s] GC(3) Humongous regions: 4->4
[2025-11-09T22:14:11.548+0000][2.780s] GC(3) Metaspace: 35582K(35968K)->35582K(35968K) NonClass: 31151K(31296K)->31151K(31296K) Class: 4431K(4672K)->4431K(4672K)
[2025-11-09T22:14:11.548+0000][2.780s] GC(3) Pause Young (Concurrent Start) (Metadata GC Threshold) 130M->29M(2048M) 4.179ms
[2025-11-09T22:14:11.548+0000][2.780s] GC(3) User=0.01s Sys=0.01s Real=0.00s
[2025-11-09T22:14:11.548+0000][2.780s] GC(4) Concurrent Mark Cycle
[2025-11-09T22:14:11.548+0000][2.780s] GC(4) Concurrent Clear Claimed Marks
[2025-11-09T22:14:11.548+0000][2.780s] GC(4) Concurrent Clear Claimed Marks 0.016ms
[2025-11-09T22:14:11.548+0000][2.780s] GC(4) Concurrent Scan Root Regions
[2025-11-09T22:14:11.549+0000][2.781s] GC(4) Concurrent Scan Root Regions 1.392ms
[2025-11-09T22:14:11.549+0000][2.781s] GC(4) Concurrent Mark
[2025-11-09T22:14:11.549+0000][2.781s] GC(4) Concurrent Mark From Roots
[2025-11-09T22:14:11.549+0000][2.781s] GC(4) Using 3 workers of 3 for marking
[2025-11-09T22:14:11.558+0000][2.790s] GC(4) Concurrent Mark From Roots 8.541ms
[2025-11-09T22:14:11.558+0000][2.790s] GC(4) Concurrent Preclean
[2025-11-09T22:14:11.558+0000][2.790s] GC(4) Concurrent Preclean 0.074ms
[2025-11-09T22:14:11.558+0000][2.790s] GC(4) Pause Remark
[2025-11-09T22:14:11.560+0000][2.792s] GC(4) Pause Remark 31M->31M(2048M) 1.796ms
[2025-11-09T22:14:11.560+0000][2.792s] GC(4) User=0.01s Sys=0.00s Real=0.00s
[2025-11-09T22:14:11.560+0000][2.792s] GC(4) Concurrent Mark 10.715ms
[2025-11-09T22:14:11.560+0000][2.792s] GC(4) Concurrent Rebuild Remembered Sets
[2025-11-09T22:14:11.563+0000][2.796s] GC(4) Concurrent Rebuild Remembered Sets 3.368ms
[2025-11-09T22:14:11.564+0000][2.796s] GC(4) Pause Cleanup
[2025-11-09T22:14:11.564+0000][2.796s] GC(4) Pause Cleanup 31M->31M(2048M) 0.295ms
[2025-11-09T22:14:11.564+0000][2.796s] GC(4) User=0.00s Sys=0.00s Real=0.00s
[2025-11-09T22:14:11.564+0000][2.796s] GC(4) Concurrent Cleanup for Next Mark
[2025-11-09T22:14:11.566+0000][2.798s] GC(4) Concurrent Cleanup for Next Mark 1.500ms
[2025-11-09T22:14:11.566+0000][2.798s] GC(4) Concurrent Mark Cycle 17.788ms
[2025-11-09T22:23:22.400+0000][553.891s] GC(5) Pause Young (Normal) (G1 Evacuation Pause)
[2025-11-09T22:23:22.401+0000][553.892s] GC(5) Using 13 workers of 13 for evacuation
[2025-11-09T22:23:22.457+0000][553.947s] GC(5)   Pre Evacuate Collection Set: 1.6ms
[2025-11-09T22:23:22.457+0000][553.947s] GC(5)   Merge Heap Roots: 20.3ms
[2025-11-09T22:23:22.457+0000][553.947s] GC(5)   Evacuate Collection Set: 30.0ms
[2025-11-09T22:23:22.457+0000][553.947s] GC(5)   Post Evacuate Collection Set: 3.0ms
[2025-11-09T22:23:22.457+0000][553.947s] GC(5)   Other: 1.3ms
[2025-11-09T22:23:22.457+0000][553.947s] GC(5) Eden regions: 258->0(198)
[2025-11-09T22:23:22.457+0000][553.947s] GC(5) Survivor regions: 7->25(34)
[2025-11-09T22:23:22.457+0000][553.947s] GC(5) Old regions: 19->19
[2025-11-09T22:23:22.457+0000][553.947s] GC(5) Archive regions: 2->2
[2025-11-09T22:23:22.457+0000][553.947s] GC(5) Humongous regions: 4->4
[2025-11-09T22:23:22.457+0000][553.947s] GC(5) Metaspace: 55783K(56320K)->55783K(56320K) NonClass: 48690K(48960K)->48690K(48960K) Class: 7093K(7360K)->7093K(7360K)
[2025-11-09T22:23:22.457+0000][553.947s] GC(5) Pause Young (Normal) (G1 Evacuation Pause) 287M->48M(2048M) 56.481ms
[2025-11-09T22:23:22.457+0000][553.947s] GC(5) User=0.33s Sys=0.05s Real=0.06s
[2025-11-09T22:23:29.796+0000][561.286s] GC(6) Pause Young (Normal) (G1 Evacuation Pause)
[2025-11-09T22:23:29.796+0000][561.287s] GC(6) Using 13 workers of 13 for evacuation
[2025-11-09T22:23:29.954+0000][561.445s] GC(6)   Pre Evacuate Collection Set: 0.4ms
[2025-11-09T22:23:29.954+0000][561.445s] GC(6)   Merge Heap Roots: 0.1ms
[2025-11-09T22:23:29.954+0000][561.445s] GC(6)   Evacuate Collection Set: 156.9ms
[2025-11-09T22:23:29.954+0000][561.445s] GC(6)   Post Evacuate Collection Set: 0.7ms
[2025-11-09T22:23:29.954+0000][561.445s] GC(6)   Other: 0.1ms
[2025-11-09T22:23:29.954+0000][561.445s] GC(6) Eden regions: 198->0(511)
[2025-11-09T22:23:29.954+0000][561.445s] GC(6) Survivor regions: 25->6(28)
[2025-11-09T22:23:29.954+0000][561.445s] GC(6) Old regions: 19->41
[2025-11-09T22:23:29.954+0000][561.445s] GC(6) Archive regions: 2->2
[2025-11-09T22:23:29.954+0000][561.445s] GC(6) Humongous regions: 9->4
[2025-11-09T22:23:29.954+0000][561.445s] GC(6) Metaspace: 56081K(56640K)->56081K(56640K) NonClass: 48986K(49280K)->48986K(49280K) Class: 7095K(7360K)->7095K(7360K)
[2025-11-09T22:23:29.955+0000][561.445s] GC(6) Pause Young (Normal) (G1 Evacuation Pause) 251M->50M(2048M) 158.535ms
[2025-11-09T22:23:29.955+0000][561.445s] GC(6) User=0.19s Sys=0.00s Real=0.16s
[2025-11-09T22:43:52.339+0000][1784.636s] Heap
[2025-11-09T22:43:52.340+0000][1784.636s]  garbage-first heap   total 2097152K, used 203734K [0x0000000080000000, 0x0000000100000000)
[2025-11-09T22:43:52.340+0000][1784.636s]   region size 1024K, 149 young (152576K), 6 survivors (6144K)
[2025-11-09T22:43:52.340+0000][1784.636s]  Metaspace       used 56380K, committed 56896K, reserved 1114112K
[2025-11-09T22:43:52.340+0000][1784.636s]   class space    used 7125K, committed 7424K, reserved 1048576K
