[2025-11-09T23:43:07.072+0000][0.004s] Using G1
[2025-11-09T23:43:07.154+0000][0.086s] Version: 17.0.12+7 (release)
[2025-11-09T23:43:07.155+0000][0.086s] CPUs: 16 total, 16 available
[2025-11-09T23:43:07.155+0000][0.086s] Memory: 15848M
[2025-11-09T23:43:07.155+0000][0.086s] Large Page Support: Disabled
[2025-11-09T23:43:07.155+0000][0.086s] NUMA Support: Disabled
[2025-11-09T23:43:07.155+0000][0.086s] Compressed Oops: Enabled (32-bit)
[2025-11-09T23:43:07.155+0000][0.086s] Heap Region Size: 1M
[2025-11-09T23:43:07.155+0000][0.086s] Heap Min Capacity: 2G
[2025-11-09T23:43:07.155+0000][0.086s] Heap Initial Capacity: 2G
[2025-11-09T23:43:07.155+0000][0.086s] Heap Max Capacity: 2G
[2025-11-09T23:43:07.155+0000][0.086s] Pre-touch: Enabled
[2025-11-09T23:43:07.155+0000][0.086s] Parallel Workers: 13
[2025-11-09T23:43:07.155+0000][0.086s] Concurrent Workers: 3
[2025-11-09T23:43:07.155+0000][0.086s] Concurrent Refinement Workers: 13
[2025-11-09T23:43:07.155+0000][0.086s] Periodic GC: Disabled
[2025-11-09T23:43:07.160+0000][0.091s] CDS archive(s) mapped at: [0x00007fd2e3000000-0x00007fd2e3a60000-0x00007fd2e3a60000), size 10878976, SharedBaseAddress: 0x00007fd2e3000000, ArchiveRelocationMode: 1.
[2025-11-09T23:43:07.160+0000][0.091s] Compressed class space mapped at: 0x00007fd2e4000000-0x00007fd324000000, reserved size: 1073741824
[2025-11-09T23:43:07.160+0000][0.091s] Narrow klass base: 0x00007fd2e3000000, Narrow klass shift: 0, Narrow klass range: 0x100000000
[2025-11-09T23:43:08.373+0000][1.305s] GC(0) Pause Young (Normal) (G1 Evacuation Pause)
[2025-11-09T23:43:08.373+0000][1.305s] GC(0) Using 13 workers of 13 for evacuation
[2025-11-09T23:43:08.379+0000][1.311s] GC(0)   Pre Evacuate Collection Set: 0.3ms
[2025-11-09T23:43:08.379+0000][1.311s] GC(0)   Merge Heap Roots: 0.3ms
[2025-11-09T23:43:08.379+0000][1.311s] GC(0)   Evacuate Collection Set: 4.0ms
[2025-11-09T23:43:08.379+0000][1.311s] GC(0)   Post Evacuate Collection Set: 1.0ms
[2025-11-09T23:43:08.379+0000][1.311s] GC(0)   Other: 0.1ms
[2025-11-09T23:43:08.379+0000][1.311s] GC(0) Eden regions: 102->0(89)
[2025-11-09T23:43:08.379+0000][1.311s] GC(0) Survivor regions: 0->13(13)
[2025-11-09T23:43:08.379+0000][1.311s] GC(0) Old regions: 0->5
[2025-11-09T23:43:08.379+0000][1.311s] GC(0) Archive regions: 2->2
[2025-11-09T23:43:08.379+0000][1.311s] GC(0) Humongous regions: 4->4
[2025-11-09T23:43:08.379+0000][1.311s] GC(0) Metaspace: 18823K(19200K)->18823K(19200K) NonClass: 16529K(16704K)->16529K(16704K) Class: 2294K(2496K)->2294K(2496K)
[2025-11-09T23:43:08.379+0000][1.311s] GC(0) Pause Young (Normal) (G1 Evacuation Pause) 106M->22M(2048M) 5.766ms
[2025-11-09T23:43:08.379+0000][1.311s] GC(0) User=0.05s Sys=0.00s Real=0.01s
[2025-11-09T23:43:08.494+0000][1.426s] GC(1) Pause Young (Concurrent Start) (Metadata GC Threshold)
[2025-11-09T23:43:08.494+0000][1.426s] GC(1) Using 13 workers of 13 for evacuation
[2025-11-09T23:43:08.498+0000][1.430s] GC(1)   Pre Evacuate Collection Set: 0.2ms
[2025-11-09T23:43:08.498+0000][1.430s] GC(1)   Merge Heap Roots: 0.2ms
[2025-11-09T23:43:08.498+0000][1.430s] GC(1)   Evacuate Collection Set: 2.4ms
[2025-11-09T23:43:08.498+0000][1.430s] GC(1)   Post Evacuate Collection Set: 0.5ms
[2025-11-09T23:43:08.498+0000][1.430s] GC(1)   Other: 0.6ms
[2025-11-09T23:43:08.498+0000][1.430s] GC(1) Eden regions: 13->0(125)
[2025-11-09T23:43:08.498+0000][1.430s] GC(1) Survivor regions: 13->2(13)
[2025-11-09T23:43:08.498+0000][1.430s] GC(1) Old regions: 5->18
[2025-11-09T23:43:08.498+0000][1.430s] GC(1) Archive regions: 2->2
[2025-11-09T23:43:08.498+0000][1.430s] GC(1) Humongous regions: 4->4
[2025-11-09T23:43:08.498+0000][1.430s] GC(1) Metaspace: 21191K(21504K)->21191K(21504K) NonClass: 18598K(18752K)->18598K(18752K) Class: 2592K(2752K)->2592K(2752K)
[2025-11-09T23:43:08.498+0000][1.430s] GC(1) Pause Young (Concurrent Start) (Metadata GC Threshold) 35M->24M(2048M) 3.855ms
[2025-11-09T23:43:08.498+0000][1.430s] GC(1) User=0.02s Sys=0.00s Real=0.01s
[2025-11-09T23:43:08.498+0000][1.430s] GC(2) Concurrent Mark Cycle
[2025-11-09T23:43:08.498+0000][1.430s] GC(2) Concurrent Clear Claimed Marks
[2025-11-09T23:43:08.498+0000][1.430s] GC(2) Concurrent Clear Claimed Marks 0.027ms
[2025-11-09T23:43:08.498+0000][1.430s] GC(2) Concurrent Scan Root Regions
[2025-11-09T23:43:08.500+0000][1.432s] GC(2) Concurrent Scan Root Regions 1.445ms
[2025-11-09T23:43:08.500+0000][1.432s] GC(2) Concurrent Mark
[2025-11-09T23:43:08.500+0000][1.432s] GC(2) Concurrent Mark From Roots
[2025-11-09T23:43:08.500+0000][1.432s] GC(2) Using 3 workers of 3 for marking
[2025-11-09T23:43:08.503+0000][1.435s] GC(2) Concurrent Mark From Roots 3.083ms
[2025-11-09T23:43:08.503+0000][1.435s] GC(2) Concurrent Preclean
[2025-11-09T23:43:08.503+0000][1.435s] GC(2) Concurrent Preclean 0.036ms
[2025-11-09T23:43:08.503+0000][1.435s] GC(2) Pause Remark
[2025-11-09T23:43:08.505+0000][1.437s] GC(2) Pause Remark 25M->25M(2048M) 1.564ms
[2025-11-09T23:43:08.505+0000][1.437s] GC(2) User=0.00s Sys=0.00s Real=0.00s
[2025-11-09T23:43:08.505+0000][1.437s] GC(2) Concurrent Mark 5.075ms
[2025-11-09T23:43:08.505+0000][1.437s] GC(2) Concurrent Rebuild Remembered Sets
[2025-11-09T23:43:08.505+0000][1.437s] GC(2) Concurrent Rebuild Remembered Sets 0.003ms
[2025-11-09T23:43:08.505+0000][1.437s] GC(2) Pause Cleanup
[2025-11-09T23:43:08.505+0000][1.437s] GC(2) Pause Cleanup 25M->25M(2048M) 0.007ms
[2025-11-09T23:43:08.505+0000][1.437s] GC(2) User=0.00s Sys=0.00s Real=0.00s
[2025-11-09T23:43:08.505+0000][1.437s] GC(2) Concurrent Cleanup for Next Mark
[2025-11-09T23:43:08.506+0000][1.438s] GC(2) Concurrent Cleanup for Next Mark 1.121ms
[2025-11-09T23:43:08.506+0000][1.438s] GC(2) Concurrent Mark Cycle 7.883ms
[2025-11-09T23:43:09.285+0000][2.217s] GC(3) Pause Young (Concurrent Start) (Metadata GC Threshold)
[2025-11-09T23:43:09.285+0000][2.217s] GC(3) Using 13 workers of 13 for evacuation
[2025-11-09T23:43:09.290+0000][2.222s] GC(3)   Pre Evacuate Collection Set: 0.5ms
[2025-11-09T23:43:09.290+0000][2.222s] GC(3)   Merge Heap Roots: 0.2ms
[2025-11-09T23:43:09.290+0000][2.222s] GC(3)   Evacuate Collection Set: 2.5ms
[2025-11-09T23:43:09.290+0000][2.222s] GC(3)   Post Evacuate Collection Set: 1.3ms
[2025-11-09T23:43:09.290+0000][2.222s] GC(3)   Other: 0.3ms
[2025-11-09T23:43:09.290+0000][2.222s] GC(3) Eden regions: 89->0(193)
[2025-11-09T23:43:09.290+0000][2.222s] GC(3) Survivor regions: 2->7(16)
[2025-11-09T23:43:09.290+0000][2.222s] GC(3) Old regions: 18->18
[2025-11-09T23:43:09.290+0000][2.222s] GC(3) Archive regions: 2->2
[2025-11-09T23:43:09.290+0000][2.222s] GC(3) Humongous regions: 4->4
[2025-11-09T23:43:09.290+0000][2.222s] GC(3) Metaspace: 35718K(36096K)->35718K(36096K) NonClass: 31261K(31424K)->31261K(31424K) Class: 4456K(4672K)->4456K(4672K)
[2025-11-09T23:43:09.290+0000][2.222s] GC(3) Pause Young (Concurrent Start) (Metadata GC Threshold) 113M->29M(2048M) 4.798ms
[2025-11-09T23:43:09.290+0000][2.222s] GC(3) User=0.05s Sys=0.00s Real=0.01s
[2025-11-09T23:43:09.290+0000][2.222s] GC(4) Concurrent Mark Cycle
[2025-11-09T23:43:09.290+0000][2.222s] GC(4) Concurrent Clear Claimed Marks
[2025-11-09T23:43:09.290+0000][2.222s] GC(4) Concurrent Clear Claimed Marks 0.036ms
[2025-11-09T23:43:09.290+0000][2.222s] GC(4) Concurrent Scan Root Regions
[2025-11-09T23:43:09.292+0000][2.224s] GC(4) Concurrent Scan Root Regions 2.175ms
[2025-11-09T23:43:09.292+0000][2.224s] GC(4) Concurrent Mark
[2025-11-09T23:43:09.292+0000][2.224s] GC(4) Concurrent Mark From Roots
[2025-11-09T23:43:09.292+0000][2.224s] GC(4) Using 3 workers of 3 for marking
[2025-11-09T23:43:09.302+0000][2.234s] GC(4) Concurrent Mark From Roots 9.943ms
[2025-11-09T23:43:09.302+0000][2.234s] GC(4) Concurrent Preclean
[2025-11-09T23:43:09.303+0000][2.234s] GC(4) Concurrent Preclean 0.083ms
[2025-11-09T23:43:09.303+0000][2.235s] GC(4) Pause Remark
[2025-11-09T23:43:09.305+0000][2.237s] GC(4) Pause Remark 31M->31M(2048M) 2.363ms
[2025-11-09T23:43:09.305+0000][2.237s] GC(4) User=0.02s Sys=0.00s Real=0.00s
[2025-11-09T23:43:09.305+0000][2.237s] GC(4) Concurrent Mark 12.780ms
[2025-11-09T23:43:09.305+0000][2.237s] GC(4) Concurrent Rebuild Remembered Sets
[2025-11-09T23:43:09.309+0000][2.241s] GC(4) Concurrent Rebuild Remembered Sets 4.164ms
[2025-11-09T23:43:09.310+0000][2.242s] GC(4) Pause Cleanup
[2025-11-09T23:43:09.310+0000][2.242s] GC(4) Pause Cleanup 31M->31M(2048M) 0.285ms
[2025-11-09T23:43:09.310+0000][2.242s] GC(4) User=0.00s Sys=0.00s Real=0.00s
[2025-11-09T23:43:09.310+0000][2.242s] GC(4) Concurrent Cleanup for Next Mark
[2025-11-09T23:43:09.311+0000][2.243s] GC(4) Concurrent Cleanup for Next Mark 1.138ms
[2025-11-09T23:43:09.311+0000][2.243s] GC(4) Concurrent Mark Cycle 21.054ms
[2025-11-09T23:53:50.072+0000][643.755s] GC(5) Pause Young (Concurrent Start) (G1 Evacuation Pause)
[2025-11-09T23:53:50.072+0000][643.755s] GC(5) Using 13 workers of 13 for evacuation
[2025-11-09T23:53:50.080+0000][643.763s] GC(5)   Pre Evacuate Collection Set: 0.5ms
[2025-11-09T23:53:50.080+0000][643.763s] GC(5)   Merge Heap Roots: 0.2ms
[2025-11-09T23:53:50.080+0000][643.763s] GC(5)   Evacuate Collection Set: 5.8ms
[2025-11-09T23:53:50.080+0000][643.763s] GC(5)   Post Evacuate Collection Set: 1.1ms
[2025-11-09T23:53:50.080+0000][643.763s] GC(5)   Other: 0.7ms
[2025-11-09T23:53:50.080+0000][643.763s] GC(5) Eden regions: 193->0(248)
[2025-11-09T23:53:50.080+0000][643.763s] GC(5) Survivor regions: 7->25(25)
[2025-11-09T23:53:50.080+0000][643.763s] GC(5) Old regions: 18->18
[2025-11-09T23:53:50.080+0000][643.763s] GC(5) Archive regions: 2->2
[2025-11-09T23:53:50.080+0000][643.763s] GC(5) Humongous regions: 4->4
[2025-11-09T23:53:50.080+0000][643.763s] GC(5) Metaspace: 55399K(55872K)->55399K(55872K) NonClass: 48323K(48576K)->48323K(48576K) Class: 7075K(7296K)->7075K(7296K)
[2025-11-09T23:53:50.080+0000][643.763s] GC(5) Pause Young (Concurrent Start) (G1 Evacuation Pause) 222M->47M(2048M) 8.154ms
[2025-11-09T23:53:50.080+0000][643.763s] GC(5) User=0.08s Sys=0.00s Real=0.01s
[2025-11-09T23:53:50.080+0000][643.763s] GC(6) Concurrent Mark Cycle
[2025-11-09T23:53:50.080+0000][643.763s] GC(6) Concurrent Clear Claimed Marks
[2025-11-09T23:53:50.080+0000][643.763s] GC(6) Concurrent Clear Claimed Marks 0.051ms
[2025-11-09T23:53:50.080+0000][643.763s] GC(6) Concurrent Scan Root Regions
[2025-11-09T23:53:50.085+0000][643.767s] GC(6) Concurrent Scan Root Regions 4.529ms
[2025-11-09T23:53:50.085+0000][643.768s] GC(6) Concurrent Mark
[2025-11-09T23:53:50.085+0000][643.768s] GC(6) Concurrent Mark From Roots
[2025-11-09T23:53:50.085+0000][643.768s] GC(6) Using 3 workers of 3 for marking
[2025-11-09T23:53:50.094+0000][643.777s] GC(6) Concurrent Mark From Roots 9.614ms
[2025-11-09T23:53:50.094+0000][643.777s] GC(6) Concurrent Preclean
[2025-11-09T23:53:50.094+0000][643.777s] GC(6) Concurrent Preclean 0.110ms
[2025-11-09T23:53:50.095+0000][643.778s] GC(6) Pause Remark
[2025-11-09T23:53:50.097+0000][643.780s] GC(6) Pause Remark 49M->49M(2048M) 2.899ms
[2025-11-09T23:53:50.098+0000][643.780s] GC(6) User=0.04s Sys=0.00s Real=0.01s
[2025-11-09T23:53:50.098+0000][643.781s] GC(6) Concurrent Mark 13.175ms
[2025-11-09T23:53:50.098+0000][643.781s] GC(6) Concurrent Rebuild Remembered Sets
[2025-11-09T23:53:50.102+0000][643.785s] GC(6) Concurrent Rebuild Remembered Sets 3.926ms
[2025-11-09T23:53:50.102+0000][643.785s] GC(6) Pause Cleanup
[2025-11-09T23:53:50.102+0000][643.785s] GC(6) Pause Cleanup 50M->50M(2048M) 0.331ms
[2025-11-09T23:53:50.102+0000][643.785s] GC(6) User=0.00s Sys=0.00s Real=0.00s
[2025-11-09T23:53:50.102+0000][643.785s] GC(6) Concurrent Cleanup for Next Mark
[2025-11-09T23:53:50.104+0000][643.787s] GC(6) Concurrent Cleanup for Next Mark 2.071ms
[2025-11-09T23:53:50.105+0000][643.787s] GC(6) Concurrent Mark Cycle 24.614ms
[2025-11-09T23:56:22.665+0000][796.532s] GC(7) Pause Young (Normal) (G1 Evacuation Pause)
[2025-11-09T23:56:22.665+0000][796.532s] GC(7) Using 13 workers of 13 for evacuation
[2025-11-09T23:56:22.673+0000][796.540s] GC(7)   Pre Evacuate Collection Set: 0.4ms
[2025-11-09T23:56:22.673+0000][796.540s] GC(7)   Merge Heap Roots: 0.1ms
[2025-11-09T23:56:22.673+0000][796.540s] GC(7)   Evacuate Collection Set: 5.8ms
[2025-11-09T23:56:22.673+0000][796.540s] GC(7)   Post Evacuate Collection Set: 0.8ms
[2025-11-09T23:56:22.673+0000][796.540s] GC(7)   Other: 0.3ms
[2025-11-09T23:56:22.673+0000][796.540s] GC(7) Eden regions: 248->0(1222)
[2025-11-09T23:56:22.673+0000][796.540s] GC(7) Survivor regions: 25->6(35)
[2025-11-09T23:56:22.673+0000][796.540s] GC(7) Old regions: 18->40
[2025-11-09T23:56:22.673+0000][796.540s] GC(7) Archive regions: 2->2
[2025-11-09T23:56:22.673+0000][796.540s] GC(7) Humongous regions: 9->4
[2025-11-09T23:56:22.673+0000][796.540s] GC(7) Metaspace: 56207K(56768K)->56207K(56768K) NonClass: 49077K(49344K)->49077K(49344K) Class: 7129K(7424K)->7129K(7424K)
[2025-11-09T23:56:22.673+0000][796.540s] GC(7) Pause Young (Normal) (G1 Evacuation Pause) 300M->49M(2048M) 7.490ms
[2025-11-09T23:56:22.673+0000][796.540s] GC(7) User=0.06s Sys=0.00s Real=0.01s
[2025-11-10T02:06:49.298+0000][8637.953s] Heap
[2025-11-10T02:06:49.298+0000][8637.954s]  garbage-first heap   total 2097152K, used 266042K [0x0000000080000000, 0x0000000100000000)
[2025-11-10T02:06:49.298+0000][8637.954s]   region size 1024K, 208 young (212992K), 6 survivors (6144K)
[2025-11-10T02:06:49.298+0000][8637.954s]  Metaspace       used 57879K, committed 58432K, reserved 1114112K
[2025-11-10T02:06:49.298+0000][8637.954s]   class space    used 7279K, committed 7552K, reserved 1048576K
