[2025-11-09T23:26:13.853+0000][0.003s] Using G1
[2025-11-09T23:26:14.028+0000][0.178s] Version: 17.0.12+7 (release)
[2025-11-09T23:26:14.028+0000][0.178s] CPUs: 16 total, 16 available
[2025-11-09T23:26:14.028+0000][0.179s] Memory: 15848M
[2025-11-09T23:26:14.028+0000][0.179s] Large Page Support: Disabled
[2025-11-09T23:26:14.028+0000][0.179s] NUMA Support: Disabled
[2025-11-09T23:26:14.028+0000][0.179s] Compressed Oops: Enabled (32-bit)
[2025-11-09T23:26:14.028+0000][0.179s] Heap Region Size: 1M
[2025-11-09T23:26:14.028+0000][0.179s] Heap Min Capacity: 2G
[2025-11-09T23:26:14.028+0000][0.179s] Heap Initial Capacity: 2G
[2025-11-09T23:26:14.028+0000][0.179s] Heap Max Capacity: 2G
[2025-11-09T23:26:14.028+0000][0.179s] Pre-touch: Enabled
[2025-11-09T23:26:14.028+0000][0.179s] Parallel Workers: 13
[2025-11-09T23:26:14.028+0000][0.179s] Concurrent Workers: 3
[2025-11-09T23:26:14.028+0000][0.179s] Concurrent Refinement Workers: 13
[2025-11-09T23:26:14.028+0000][0.179s] Periodic GC: Disabled
[2025-11-09T23:26:14.035+0000][0.185s] CDS archive(s) mapped at: [0x00007f1cdb000000-0x00007f1cdba60000-0x00007f1cdba60000), size 10878976, SharedBaseAddress: 0x00007f1cdb000000, ArchiveRelocationMode: 1.
[2025-11-09T23:26:14.035+0000][0.185s] Compressed class space mapped at: 0x00007f1cdc000000-0x00007f1d1c000000, reserved size: 1073741824
[2025-11-09T23:26:14.035+0000][0.185s] Narrow klass base: 0x00007f1cdb000000, Narrow klass shift: 0, Narrow klass range: 0x100000000
[2025-11-09T23:26:15.957+0000][2.107s] GC(0) Pause Young (Normal) (G1 Evacuation Pause)
[2025-11-09T23:26:15.957+0000][2.107s] GC(0) Using 13 workers of 13 for evacuation
[2025-11-09T23:26:15.963+0000][2.113s] GC(0)   Pre Evacuate Collection Set: 0.3ms
[2025-11-09T23:26:15.963+0000][2.113s] GC(0)   Merge Heap Roots: 0.3ms
[2025-11-09T23:26:15.963+0000][2.113s] GC(0)   Evacuate Collection Set: 4.7ms
[2025-11-09T23:26:15.963+0000][2.113s] GC(0)   Post Evacuate Collection Set: 0.9ms
[2025-11-09T23:26:15.963+0000][2.113s] GC(0)   Other: 0.1ms
[2025-11-09T23:26:15.963+0000][2.113s] GC(0) Eden regions: 102->0(89)
[2025-11-09T23:26:15.963+0000][2.113s] GC(0) Survivor regions: 0->13(13)
[2025-11-09T23:26:15.963+0000][2.113s] GC(0) Old regions: 0->5
[2025-11-09T23:26:15.963+0000][2.113s] GC(0) Archive regions: 2->2
[2025-11-09T23:26:15.963+0000][2.113s] GC(0) Humongous regions: 4->4
[2025-11-09T23:26:15.963+0000][2.113s] GC(0) Metaspace: 19084K(19392K)->19084K(19392K) NonClass: 16766K(16896K)->16766K(16896K) Class: 2317K(2496K)->2317K(2496K)
[2025-11-09T23:26:15.963+0000][2.113s] GC(0) Pause Young (Normal) (G1 Evacuation Pause) 106M->22M(2048M) 6.446ms
[2025-11-09T23:26:15.963+0000][2.113s] GC(0) User=0.05s Sys=0.01s Real=0.01s
[2025-11-09T23:26:16.124+0000][2.274s] GC(1) Pause Young (Concurrent Start) (Metadata GC Threshold)
[2025-11-09T23:26:16.124+0000][2.274s] GC(1) Using 13 workers of 13 for evacuation
[2025-11-09T23:26:16.128+0000][2.278s] GC(1)   Pre Evacuate Collection Set: 0.3ms
[2025-11-09T23:26:16.128+0000][2.278s] GC(1)   Merge Heap Roots: 0.1ms
[2025-11-09T23:26:16.128+0000][2.278s] GC(1)   Evacuate Collection Set: 3.0ms
[2025-11-09T23:26:16.128+0000][2.278s] GC(1)   Post Evacuate Collection Set: 0.5ms
[2025-11-09T23:26:16.128+0000][2.278s] GC(1)   Other: 0.2ms
[2025-11-09T23:26:16.128+0000][2.278s] GC(1) Eden regions: 12->0(114)
[2025-11-09T23:26:16.128+0000][2.278s] GC(1) Survivor regions: 13->2(13)
[2025-11-09T23:26:16.128+0000][2.278s] GC(1) Old regions: 5->18
[2025-11-09T23:26:16.128+0000][2.278s] GC(1) Archive regions: 2->2
[2025-11-09T23:26:16.128+0000][2.278s] GC(1) Humongous regions: 4->4
[2025-11-09T23:26:16.128+0000][2.278s] GC(1) Metaspace: 21197K(21504K)->21197K(21504K) NonClass: 18604K(18752K)->18604K(18752K) Class: 2592K(2752K)->2592K(2752K)
[2025-11-09T23:26:16.128+0000][2.278s] GC(1) Pause Young (Concurrent Start) (Metadata GC Threshold) 33M->24M(2048M) 4.152ms
[2025-11-09T23:26:16.128+0000][2.278s] GC(1) User=0.02s Sys=0.01s Real=0.00s
[2025-11-09T23:26:16.128+0000][2.278s] GC(2) Concurrent Mark Cycle
[2025-11-09T23:26:16.128+0000][2.278s] GC(2) Concurrent Clear Claimed Marks
[2025-11-09T23:26:16.128+0000][2.278s] GC(2) Concurrent Clear Claimed Marks 0.029ms
[2025-11-09T23:26:16.128+0000][2.278s] GC(2) Concurrent Scan Root Regions
[2025-11-09T23:26:16.130+0000][2.280s] GC(2) Concurrent Scan Root Regions 1.424ms
[2025-11-09T23:26:16.130+0000][2.280s] GC(2) Concurrent Mark
[2025-11-09T23:26:16.130+0000][2.280s] GC(2) Concurrent Mark From Roots
[2025-11-09T23:26:16.130+0000][2.280s] GC(2) Using 3 workers of 3 for marking
[2025-11-09T23:26:16.132+0000][2.282s] GC(2) Concurrent Mark From Roots 2.239ms
[2025-11-09T23:26:16.132+0000][2.282s] GC(2) Concurrent Preclean
[2025-11-09T23:26:16.132+0000][2.282s] GC(2) Concurrent Preclean 0.042ms
[2025-11-09T23:26:16.132+0000][2.282s] GC(2) Pause Remark
[2025-11-09T23:26:16.134+0000][2.284s] GC(2) Pause Remark 25M->25M(2048M) 1.690ms
[2025-11-09T23:26:16.134+0000][2.284s] GC(2) User=0.01s Sys=0.00s Real=0.01s
[2025-11-09T23:26:16.134+0000][2.284s] GC(2) Concurrent Mark 4.293ms
[2025-11-09T23:26:16.134+0000][2.284s] GC(2) Concurrent Rebuild Remembered Sets
[2025-11-09T23:26:16.134+0000][2.284s] GC(2) Concurrent Rebuild Remembered Sets 0.006ms
[2025-11-09T23:26:16.134+0000][2.284s] GC(2) Pause Cleanup
[2025-11-09T23:26:16.134+0000][2.284s] GC(2) Pause Cleanup 25M->25M(2048M) 0.007ms
[2025-11-09T23:26:16.134+0000][2.284s] GC(2) User=0.00s Sys=0.00s Real=0.00s
[2025-11-09T23:26:16.134+0000][2.284s] GC(2) Concurrent Cleanup for Next Mark
[2025-11-09T23:26:16.136+0000][2.286s] GC(2) Concurrent Cleanup for Next Mark 1.997ms
[2025-11-09T23:26:16.136+0000][2.286s] GC(2) Concurrent Mark Cycle 7.986ms
[2025-11-09T23:26:17.156+0000][3.336s] GC(3) Pause Young (Concurrent Start) (GCLocker Initiated GC)
[2025-11-09T23:26:17.156+0000][3.336s] GC(3) Using 13 workers of 13 for evacuation
[2025-11-09T23:26:17.161+0000][3.340s] GC(3)   Pre Evacuate Collection Set: 0.3ms
[2025-11-09T23:26:17.161+0000][3.340s] GC(3)   Merge Heap Roots: 0.2ms
[2025-11-09T23:26:17.161+0000][3.340s] GC(3)   Evacuate Collection Set: 2.5ms
[2025-11-09T23:26:17.161+0000][3.340s] GC(3)   Post Evacuate Collection Set: 1.3ms
[2025-11-09T23:26:17.161+0000][3.340s] GC(3)   Other: 0.2ms
[2025-11-09T23:26:17.161+0000][3.340s] GC(3) Eden regions: 94->0(183)
[2025-11-09T23:26:17.161+0000][3.340s] GC(3) Survivor regions: 2->7(15)
[2025-11-09T23:26:17.161+0000][3.340s] GC(3) Old regions: 18->18
[2025-11-09T23:26:17.161+0000][3.340s] GC(3) Archive regions: 2->2
[2025-11-09T23:26:17.161+0000][3.340s] GC(3) Humongous regions: 4->4
[2025-11-09T23:26:17.161+0000][3.340s] GC(3) Metaspace: 35579K(36032K)->35579K(36032K) NonClass: 31147K(31360K)->31147K(31360K) Class: 4432K(4672K)->4432K(4672K)
[2025-11-09T23:26:17.161+0000][3.340s] GC(3) Pause Young (Concurrent Start) (GCLocker Initiated GC) 118M->29M(2048M) 4.535ms
[2025-11-09T23:26:17.161+0000][3.340s] GC(3) User=0.02s Sys=0.01s Real=0.00s
[2025-11-09T23:26:17.161+0000][3.340s] GC(4) Concurrent Mark Cycle
[2025-11-09T23:26:17.161+0000][3.340s] GC(4) Concurrent Clear Claimed Marks
[2025-11-09T23:26:17.161+0000][3.340s] GC(4) Concurrent Clear Claimed Marks 0.028ms
[2025-11-09T23:26:17.161+0000][3.341s] GC(4) Concurrent Scan Root Regions
[2025-11-09T23:26:17.162+0000][3.342s] GC(4) Concurrent Scan Root Regions 1.502ms
[2025-11-09T23:26:17.162+0000][3.342s] GC(4) Concurrent Mark
[2025-11-09T23:26:17.162+0000][3.342s] GC(4) Concurrent Mark From Roots
[2025-11-09T23:26:17.162+0000][3.342s] GC(4) Using 3 workers of 3 for marking
[2025-11-09T23:26:17.171+0000][3.351s] GC(4) Concurrent Mark From Roots 9.068ms
[2025-11-09T23:26:17.171+0000][3.351s] GC(4) Concurrent Preclean
[2025-11-09T23:26:17.172+0000][3.351s] GC(4) Concurrent Preclean 0.079ms
[2025-11-09T23:26:17.172+0000][3.351s] GC(4) Pause Remark
[2025-11-09T23:26:17.174+0000][3.353s] GC(4) Pause Remark 30M->30M(2048M) 2.002ms
[2025-11-09T23:26:17.174+0000][3.353s] GC(4) User=0.02s Sys=0.00s Real=0.01s
[2025-11-09T23:26:17.174+0000][3.354s] GC(4) Concurrent Mark 11.490ms
[2025-11-09T23:26:17.174+0000][3.354s] GC(4) Concurrent Rebuild Remembered Sets
[2025-11-09T23:26:17.178+0000][3.357s] GC(4) Concurrent Rebuild Remembered Sets 3.872ms
[2025-11-09T23:26:17.178+0000][3.358s] GC(4) Pause Cleanup
[2025-11-09T23:26:17.178+0000][3.358s] GC(4) Pause Cleanup 31M->31M(2048M) 0.321ms
[2025-11-09T23:26:17.178+0000][3.358s] GC(4) User=0.00s Sys=0.00s Real=0.00s
[2025-11-09T23:26:17.178+0000][3.358s] GC(4) Concurrent Cleanup for Next Mark
[2025-11-09T23:26:17.182+0000][3.362s] GC(4) Concurrent Cleanup for Next Mark 3.994ms
[2025-11-09T23:26:17.183+0000][3.362s] GC(4) Concurrent Mark Cycle 21.747ms
[2025-11-09T23:26:18.580+0000][4.760s] GC(5) Pause Young (Normal) (G1 Evacuation Pause)
[2025-11-09T23:26:18.580+0000][4.760s] GC(5) Using 13 workers of 13 for evacuation
[2025-11-09T23:26:18.588+0000][4.767s] GC(5)   Pre Evacuate Collection Set: 0.4ms
[2025-11-09T23:26:18.588+0000][4.767s] GC(5)   Merge Heap Roots: 0.1ms
[2025-11-09T23:26:18.588+0000][4.767s] GC(5)   Evacuate Collection Set: 5.9ms
[2025-11-09T23:26:18.588+0000][4.767s] GC(5)   Post Evacuate Collection Set: 1.0ms
[2025-11-09T23:26:18.588+0000][4.767s] GC(5)   Other: 0.2ms
[2025-11-09T23:26:18.588+0000][4.768s] GC(5) Eden regions: 183->0(367)
[2025-11-09T23:26:18.588+0000][4.768s] GC(5) Survivor regions: 7->24(24)
[2025-11-09T23:26:18.588+0000][4.768s] GC(5) Old regions: 18->20
[2025-11-09T23:26:18.588+0000][4.768s] GC(5) Archive regions: 2->2
[2025-11-09T23:26:18.588+0000][4.768s] GC(5) Humongous regions: 8->7
[2025-11-09T23:26:18.588+0000][4.768s] GC(5) Metaspace: 54366K(54912K)->54366K(54912K) NonClass: 47408K(47680K)->47408K(47680K) Class: 6957K(7232K)->6957K(7232K)
[2025-11-09T23:26:18.588+0000][4.768s] GC(5) Pause Young (Normal) (G1 Evacuation Pause) 216M->51M(2048M) 7.532ms
[2025-11-09T23:26:18.588+0000][4.768s] GC(5) User=0.07s Sys=0.00s Real=0.01s
[2025-11-09T23:29:29.035+0000][195.409s] Heap
[2025-11-09T23:29:29.035+0000][195.409s]  garbage-first heap   total 2097152K, used 109729K [0x0000000080000000, 0x0000000100000000)
[2025-11-09T23:29:29.035+0000][195.409s]   region size 1024K, 79 young (80896K), 24 survivors (24576K)
[2025-11-09T23:29:29.035+0000][195.409s]  Metaspace       used 55545K, committed 56000K, reserved 1114112K
[2025-11-09T23:29:29.035+0000][195.409s]   class space    used 7092K, committed 7296K, reserved 1048576K
