[2025-11-09T23:31:08.870+0000][0.003s] Using G1
[2025-11-09T23:31:09.018+0000][0.151s] Version: 17.0.12+7 (release)
[2025-11-09T23:31:09.018+0000][0.151s] CPUs: 16 total, 16 available
[2025-11-09T23:31:09.018+0000][0.151s] Memory: 15848M
[2025-11-09T23:31:09.018+0000][0.151s] Large Page Support: Disabled
[2025-11-09T23:31:09.018+0000][0.151s] NUMA Support: Disabled
[2025-11-09T23:31:09.018+0000][0.151s] Compressed Oops: Enabled (32-bit)
[2025-11-09T23:31:09.018+0000][0.151s] Heap Region Size: 1M
[2025-11-09T23:31:09.018+0000][0.151s] Heap Min Capacity: 2G
[2025-11-09T23:31:09.018+0000][0.151s] Heap Initial Capacity: 2G
[2025-11-09T23:31:09.018+0000][0.151s] Heap Max Capacity: 2G
[2025-11-09T23:31:09.018+0000][0.151s] Pre-touch: Enabled
[2025-11-09T23:31:09.018+0000][0.151s] Parallel Workers: 13
[2025-11-09T23:31:09.018+0000][0.151s] Concurrent Workers: 3
[2025-11-09T23:31:09.018+0000][0.151s] Concurrent Refinement Workers: 13
[2025-11-09T23:31:09.018+0000][0.151s] Periodic GC: Disabled
[2025-11-09T23:31:09.024+0000][0.157s] CDS archive(s) mapped at: [0x00007f0123000000-0x00007f0123a60000-0x00007f0123a60000), size 10878976, SharedBaseAddress: 0x00007f0123000000, ArchiveRelocationMode: 1.
[2025-11-09T23:31:09.024+0000][0.157s] Compressed class space mapped at: 0x00007f0124000000-0x00007f0164000000, reserved size: 1073741824
[2025-11-09T23:31:09.024+0000][0.157s] Narrow klass base: 0x00007f0123000000, Narrow klass shift: 0, Narrow klass range: 0x100000000
[2025-11-09T23:31:10.519+0000][1.651s] GC(0) Pause Young (Normal) (G1 Evacuation Pause)
[2025-11-09T23:31:10.519+0000][1.651s] GC(0) Using 13 workers of 13 for evacuation
[2025-11-09T23:31:10.525+0000][1.657s] GC(0)   Pre Evacuate Collection Set: 0.4ms
[2025-11-09T23:31:10.525+0000][1.657s] GC(0)   Merge Heap Roots: 0.2ms
[2025-11-09T23:31:10.525+0000][1.657s] GC(0)   Evacuate Collection Set: 4.4ms
[2025-11-09T23:31:10.525+0000][1.657s] GC(0)   Post Evacuate Collection Set: 1.0ms
[2025-11-09T23:31:10.525+0000][1.657s] GC(0)   Other: 0.1ms
[2025-11-09T23:31:10.525+0000][1.657s] GC(0) Eden regions: 102->0(89)
[2025-11-09T23:31:10.525+0000][1.657s] GC(0) Survivor regions: 0->13(13)
[2025-11-09T23:31:10.525+0000][1.657s] GC(0) Old regions: 0->5
[2025-11-09T23:31:10.525+0000][1.657s] GC(0) Archive regions: 2->2
[2025-11-09T23:31:10.525+0000][1.657s] GC(0) Humongous regions: 4->4
[2025-11-09T23:31:10.525+0000][1.657s] GC(0) Metaspace: 18817K(19200K)->18817K(19200K) NonClass: 16523K(16704K)->16523K(16704K) Class: 2294K(2496K)->2294K(2496K)
[2025-11-09T23:31:10.525+0000][1.657s] GC(0) Pause Young (Normal) (G1 Evacuation Pause) 106M->22M(2048M) 6.182ms
[2025-11-09T23:31:10.525+0000][1.658s] GC(0) User=0.04s Sys=0.02s Real=0.00s
[2025-11-09T23:31:10.660+0000][1.793s] GC(1) Pause Young (Concurrent Start) (Metadata GC Threshold)
[2025-11-09T23:31:10.660+0000][1.793s] GC(1) Using 13 workers of 13 for evacuation
[2025-11-09T23:31:10.664+0000][1.796s] GC(1)   Pre Evacuate Collection Set: 0.3ms
[2025-11-09T23:31:10.664+0000][1.796s] GC(1)   Merge Heap Roots: 0.1ms
[2025-11-09T23:31:10.664+0000][1.796s] GC(1)   Evacuate Collection Set: 2.6ms
[2025-11-09T23:31:10.664+0000][1.796s] GC(1)   Post Evacuate Collection Set: 0.5ms
[2025-11-09T23:31:10.664+0000][1.796s] GC(1)   Other: 0.2ms
[2025-11-09T23:31:10.664+0000][1.796s] GC(1) Eden regions: 13->0(118)
[2025-11-09T23:31:10.664+0000][1.796s] GC(1) Survivor regions: 13->2(13)
[2025-11-09T23:31:10.664+0000][1.796s] GC(1) Old regions: 5->18
[2025-11-09T23:31:10.664+0000][1.796s] GC(1) Archive regions: 2->2
[2025-11-09T23:31:10.664+0000][1.796s] GC(1) Humongous regions: 4->4
[2025-11-09T23:31:10.664+0000][1.796s] GC(1) Metaspace: 21192K(21504K)->21192K(21504K) NonClass: 18599K(18752K)->18599K(18752K) Class: 2592K(2752K)->2592K(2752K)
[2025-11-09T23:31:10.664+0000][1.796s] GC(1) Pause Young (Concurrent Start) (Metadata GC Threshold) 35M->24M(2048M) 3.836ms
[2025-11-09T23:31:10.664+0000][1.796s] GC(1) User=0.02s Sys=0.01s Real=0.00s
[2025-11-09T23:31:10.664+0000][1.796s] GC(2) Concurrent Mark Cycle
[2025-11-09T23:31:10.664+0000][1.796s] GC(2) Concurrent Clear Claimed Marks
[2025-11-09T23:31:10.664+0000][1.796s] GC(2) Concurrent Clear Claimed Marks 0.027ms
[2025-11-09T23:31:10.664+0000][1.796s] GC(2) Concurrent Scan Root Regions
[2025-11-09T23:31:10.665+0000][1.798s] GC(2) Concurrent Scan Root Regions 1.692ms
[2025-11-09T23:31:10.665+0000][1.798s] GC(2) Concurrent Mark
[2025-11-09T23:31:10.666+0000][1.798s] GC(2) Concurrent Mark From Roots
[2025-11-09T23:31:10.666+0000][1.798s] GC(2) Using 3 workers of 3 for marking
[2025-11-09T23:31:10.668+0000][1.801s] GC(2) Concurrent Mark From Roots 2.445ms
[2025-11-09T23:31:10.668+0000][1.801s] GC(2) Concurrent Preclean
[2025-11-09T23:31:10.668+0000][1.801s] GC(2) Concurrent Preclean 0.090ms
[2025-11-09T23:31:10.668+0000][1.801s] GC(2) Pause Remark
[2025-11-09T23:31:10.670+0000][1.803s] GC(2) Pause Remark 25M->25M(2048M) 1.718ms
[2025-11-09T23:31:10.670+0000][1.803s] GC(2) User=0.00s Sys=0.00s Real=0.00s
[2025-11-09T23:31:10.670+0000][1.803s] GC(2) Concurrent Mark 4.681ms
[2025-11-09T23:31:10.670+0000][1.803s] GC(2) Concurrent Rebuild Remembered Sets
[2025-11-09T23:31:10.670+0000][1.803s] GC(2) Concurrent Rebuild Remembered Sets 0.006ms
[2025-11-09T23:31:10.670+0000][1.803s] GC(2) Pause Cleanup
[2025-11-09T23:31:10.670+0000][1.803s] GC(2) Pause Cleanup 25M->25M(2048M) 0.007ms
[2025-11-09T23:31:10.670+0000][1.803s] GC(2) User=0.00s Sys=0.00s Real=0.00s
[2025-11-09T23:31:10.670+0000][1.803s] GC(2) Concurrent Cleanup for Next Mark
[2025-11-09T23:31:10.674+0000][1.806s] GC(2) Concurrent Cleanup for Next Mark 3.181ms
[2025-11-09T23:31:10.674+0000][1.806s] GC(2) Concurrent Mark Cycle 9.905ms
[2025-11-09T23:31:11.727+0000][2.860s] GC(3) Pause Young (Concurrent Start) (GCLocker Initiated GC)
[2025-11-09T23:31:11.727+0000][2.860s] GC(3) Using 13 workers of 13 for evacuation
[2025-11-09T23:31:11.732+0000][2.865s] GC(3)   Pre Evacuate Collection Set: 0.3ms
[2025-11-09T23:31:11.732+0000][2.865s] GC(3)   Merge Heap Roots: 0.2ms
[2025-11-09T23:31:11.732+0000][2.865s] GC(3)   Evacuate Collection Set: 3.0ms
[2025-11-09T23:31:11.732+0000][2.865s] GC(3)   Post Evacuate Collection Set: 1.1ms
[2025-11-09T23:31:11.732+0000][2.865s] GC(3)   Other: 0.2ms
[2025-11-09T23:31:11.732+0000][2.865s] GC(3) Eden regions: 108->0(258)
[2025-11-09T23:31:11.732+0000][2.865s] GC(3) Survivor regions: 2->7(15)
[2025-11-09T23:31:11.732+0000][2.865s] GC(3) Old regions: 18->18
[2025-11-09T23:31:11.732+0000][2.865s] GC(3) Archive regions: 2->2
[2025-11-09T23:31:11.732+0000][2.865s] GC(3) Humongous regions: 4->4
[2025-11-09T23:31:11.732+0000][2.865s] GC(3) Metaspace: 35715K(36160K)->35715K(36160K) NonClass: 31264K(31488K)->31264K(31488K) Class: 4451K(4672K)->4451K(4672K)
[2025-11-09T23:31:11.732+0000][2.865s] GC(3) Pause Young (Concurrent Start) (GCLocker Initiated GC) 132M->29M(2048M) 4.818ms
[2025-11-09T23:31:11.732+0000][2.865s] GC(3) User=0.03s Sys=0.01s Real=0.01s
[2025-11-09T23:31:11.732+0000][2.865s] GC(4) Concurrent Mark Cycle
[2025-11-09T23:31:11.732+0000][2.865s] GC(4) Concurrent Clear Claimed Marks
[2025-11-09T23:31:11.732+0000][2.865s] GC(4) Concurrent Clear Claimed Marks 0.021ms
[2025-11-09T23:31:11.732+0000][2.865s] GC(4) Concurrent Scan Root Regions
[2025-11-09T23:31:11.734+0000][2.866s] GC(4) Concurrent Scan Root Regions 1.405ms
[2025-11-09T23:31:11.734+0000][2.866s] GC(4) Concurrent Mark
[2025-11-09T23:31:11.734+0000][2.866s] GC(4) Concurrent Mark From Roots
[2025-11-09T23:31:11.734+0000][2.866s] GC(4) Using 3 workers of 3 for marking
[2025-11-09T23:31:11.742+0000][2.874s] GC(4) Concurrent Mark From Roots 7.883ms
[2025-11-09T23:31:11.742+0000][2.874s] GC(4) Concurrent Preclean
[2025-11-09T23:31:11.742+0000][2.874s] GC(4) Concurrent Preclean 0.085ms
[2025-11-09T23:31:11.742+0000][2.875s] GC(4) Pause Remark
[2025-11-09T23:31:11.744+0000][2.877s] GC(4) Pause Remark 30M->30M(2048M) 1.788ms
[2025-11-09T23:31:11.744+0000][2.877s] GC(4) User=0.01s Sys=0.00s Real=0.00s
[2025-11-09T23:31:11.744+0000][2.877s] GC(4) Concurrent Mark 10.194ms
[2025-11-09T23:31:11.744+0000][2.877s] GC(4) Concurrent Rebuild Remembered Sets
[2025-11-09T23:31:11.747+0000][2.880s] GC(4) Concurrent Rebuild Remembered Sets 3.290ms
[2025-11-09T23:31:11.747+0000][2.880s] GC(4) Pause Cleanup
[2025-11-09T23:31:11.748+0000][2.880s] GC(4) Pause Cleanup 31M->31M(2048M) 0.318ms
[2025-11-09T23:31:11.748+0000][2.880s] GC(4) User=0.00s Sys=0.00s Real=0.00s
[2025-11-09T23:31:11.748+0000][2.881s] GC(4) Concurrent Cleanup for Next Mark
[2025-11-09T23:31:11.752+0000][2.885s] GC(4) Concurrent Cleanup for Next Mark 4.547ms
[2025-11-09T23:31:11.752+0000][2.885s] GC(4) Concurrent Mark Cycle 20.231ms
[2025-11-09T23:34:46.453+0000][217.856s] Heap
[2025-11-09T23:34:46.453+0000][217.856s]  garbage-first heap   total 2097152K, used 206198K [0x0000000080000000, 0x0000000100000000)
[2025-11-09T23:34:46.453+0000][217.856s]   region size 1024K, 179 young (183296K), 7 survivors (7168K)
[2025-11-09T23:34:46.453+0000][217.856s]  Metaspace       used 52339K, committed 52800K, reserved 1114112K
[2025-11-09T23:34:46.453+0000][217.856s]   class space    used 6723K, committed 6912K, reserved 1048576K
