[2025-11-09T23:35:14.302+0000][0.003s] Using G1
[2025-11-09T23:35:14.446+0000][0.147s] Version: 17.0.12+7 (release)
[2025-11-09T23:35:14.446+0000][0.147s] CPUs: 16 total, 16 available
[2025-11-09T23:35:14.446+0000][0.147s] Memory: 15848M
[2025-11-09T23:35:14.446+0000][0.147s] Large Page Support: Disabled
[2025-11-09T23:35:14.446+0000][0.147s] NUMA Support: Disabled
[2025-11-09T23:35:14.446+0000][0.147s] Compressed Oops: Enabled (32-bit)
[2025-11-09T23:35:14.446+0000][0.147s] Heap Region Size: 1M
[2025-11-09T23:35:14.446+0000][0.147s] Heap Min Capacity: 2G
[2025-11-09T23:35:14.446+0000][0.147s] Heap Initial Capacity: 2G
[2025-11-09T23:35:14.446+0000][0.147s] Heap Max Capacity: 2G
[2025-11-09T23:35:14.446+0000][0.147s] Pre-touch: Enabled
[2025-11-09T23:35:14.446+0000][0.147s] Parallel Workers: 13
[2025-11-09T23:35:14.446+0000][0.147s] Concurrent Workers: 3
[2025-11-09T23:35:14.446+0000][0.147s] Concurrent Refinement Workers: 13
[2025-11-09T23:35:14.446+0000][0.147s] Periodic GC: Disabled
[2025-11-09T23:35:14.450+0000][0.151s] CDS archive(s) mapped at: [0x00007f576b000000-0x00007f576ba60000-0x00007f576ba60000), size 10878976, SharedBaseAddress: 0x00007f576b000000, ArchiveRelocationMode: 1.
[2025-11-09T23:35:14.450+0000][0.151s] Compressed class space mapped at: 0x00007f576c000000-0x00007f57ac000000, reserved size: 1073741824
[2025-11-09T23:35:14.450+0000][0.151s] Narrow klass base: 0x00007f576b000000, Narrow klass shift: 0, Narrow klass range: 0x100000000
[2025-11-09T23:35:15.940+0000][1.641s] GC(0) Pause Young (Normal) (G1 Evacuation Pause)
[2025-11-09T23:35:15.940+0000][1.641s] GC(0) Using 13 workers of 13 for evacuation
[2025-11-09T23:35:15.947+0000][1.648s] GC(0)   Pre Evacuate Collection Set: 0.3ms
[2025-11-09T23:35:15.947+0000][1.648s] GC(0)   Merge Heap Roots: 0.2ms
[2025-11-09T23:35:15.947+0000][1.648s] GC(0)   Evacuate Collection Set: 5.6ms
[2025-11-09T23:35:15.947+0000][1.648s] GC(0)   Post Evacuate Collection Set: 0.8ms
[2025-11-09T23:35:15.947+0000][1.648s] GC(0)   Other: 0.1ms
[2025-11-09T23:35:15.947+0000][1.648s] GC(0) Eden regions: 102->0(89)
[2025-11-09T23:35:15.947+0000][1.648s] GC(0) Survivor regions: 0->13(13)
[2025-11-09T23:35:15.947+0000][1.648s] GC(0) Old regions: 0->5
[2025-11-09T23:35:15.947+0000][1.648s] GC(0) Archive regions: 2->2
[2025-11-09T23:35:15.947+0000][1.648s] GC(0) Humongous regions: 4->4
[2025-11-09T23:35:15.947+0000][1.648s] GC(0) Metaspace: 18958K(19328K)->18958K(19328K) NonClass: 16656K(16832K)->16656K(16832K) Class: 2302K(2496K)->2302K(2496K)
[2025-11-09T23:35:15.947+0000][1.648s] GC(0) Pause Young (Normal) (G1 Evacuation Pause) 106M->22M(2048M) 6.950ms
[2025-11-09T23:35:15.947+0000][1.648s] GC(0) User=0.04s Sys=0.02s Real=0.00s
[2025-11-09T23:35:16.079+0000][1.780s] GC(1) Pause Young (Concurrent Start) (Metadata GC Threshold)
[2025-11-09T23:35:16.079+0000][1.780s] GC(1) Using 13 workers of 13 for evacuation
[2025-11-09T23:35:16.084+0000][1.785s] GC(1)   Pre Evacuate Collection Set: 0.3ms
[2025-11-09T23:35:16.084+0000][1.785s] GC(1)   Merge Heap Roots: 0.1ms
[2025-11-09T23:35:16.084+0000][1.785s] GC(1)   Evacuate Collection Set: 3.5ms
[2025-11-09T23:35:16.084+0000][1.785s] GC(1)   Post Evacuate Collection Set: 0.8ms
[2025-11-09T23:35:16.084+0000][1.785s] GC(1)   Other: 0.2ms
[2025-11-09T23:35:16.084+0000][1.785s] GC(1) Eden regions: 13->0(114)
[2025-11-09T23:35:16.084+0000][1.785s] GC(1) Survivor regions: 13->2(13)
[2025-11-09T23:35:16.084+0000][1.785s] GC(1) Old regions: 5->18
[2025-11-09T23:35:16.084+0000][1.785s] GC(1) Archive regions: 2->2
[2025-11-09T23:35:16.084+0000][1.785s] GC(1) Humongous regions: 4->4
[2025-11-09T23:35:16.084+0000][1.785s] GC(1) Metaspace: 21196K(21504K)->21196K(21504K) NonClass: 18602K(18752K)->18602K(18752K) Class: 2593K(2752K)->2593K(2752K)
[2025-11-09T23:35:16.084+0000][1.785s] GC(1) Pause Young (Concurrent Start) (Metadata GC Threshold) 34M->24M(2048M) 5.028ms
[2025-11-09T23:35:16.084+0000][1.785s] GC(1) User=0.03s Sys=0.02s Real=0.00s
[2025-11-09T23:35:16.084+0000][1.785s] GC(2) Concurrent Mark Cycle
[2025-11-09T23:35:16.084+0000][1.785s] GC(2) Concurrent Clear Claimed Marks
[2025-11-09T23:35:16.084+0000][1.785s] GC(2) Concurrent Clear Claimed Marks 0.052ms
[2025-11-09T23:35:16.084+0000][1.785s] GC(2) Concurrent Scan Root Regions
[2025-11-09T23:35:16.086+0000][1.788s] GC(2) Concurrent Scan Root Regions 2.417ms
[2025-11-09T23:35:16.086+0000][1.788s] GC(2) Concurrent Mark
[2025-11-09T23:35:16.086+0000][1.788s] GC(2) Concurrent Mark From Roots
[2025-11-09T23:35:16.086+0000][1.788s] GC(2) Using 3 workers of 3 for marking
[2025-11-09T23:35:16.089+0000][1.790s] GC(2) Concurrent Mark From Roots 2.422ms
[2025-11-09T23:35:16.089+0000][1.790s] GC(2) Concurrent Preclean
[2025-11-09T23:35:16.089+0000][1.790s] GC(2) Concurrent Preclean 0.048ms
[2025-11-09T23:35:16.089+0000][1.790s] GC(2) Pause Remark
[2025-11-09T23:35:16.092+0000][1.793s] GC(2) Pause Remark 24M->24M(2048M) 2.589ms
[2025-11-09T23:35:16.092+0000][1.793s] GC(2) User=0.01s Sys=0.00s Real=0.00s
[2025-11-09T23:35:16.092+0000][1.793s] GC(2) Concurrent Mark 5.426ms
[2025-11-09T23:35:16.092+0000][1.793s] GC(2) Concurrent Rebuild Remembered Sets
[2025-11-09T23:35:16.095+0000][1.797s] GC(2) Concurrent Rebuild Remembered Sets 3.524ms
[2025-11-09T23:35:16.095+0000][1.797s] GC(2) Pause Cleanup
[2025-11-09T23:35:16.096+0000][1.797s] GC(2) Pause Cleanup 25M->25M(2048M) 0.363ms
[2025-11-09T23:35:16.096+0000][1.797s] GC(2) User=0.00s Sys=0.00s Real=0.00s
[2025-11-09T23:35:16.096+0000][1.797s] GC(2) Concurrent Cleanup for Next Mark
[2025-11-09T23:35:16.108+0000][1.809s] GC(2) Concurrent Cleanup for Next Mark 12.127ms
[2025-11-09T23:35:16.108+0000][1.809s] GC(2) Concurrent Mark Cycle 24.259ms
[2025-11-09T23:35:17.473+0000][3.199s] GC(3) Pause Young (Concurrent Start) (Metadata GC Threshold)
[2025-11-09T23:35:17.473+0000][3.199s] GC(3) Using 13 workers of 13 for evacuation
[2025-11-09T23:35:17.479+0000][3.206s] GC(3)   Pre Evacuate Collection Set: 0.4ms
[2025-11-09T23:35:17.479+0000][3.206s] GC(3)   Merge Heap Roots: 0.2ms
[2025-11-09T23:35:17.479+0000][3.206s] GC(3)   Evacuate Collection Set: 3.9ms
[2025-11-09T23:35:17.479+0000][3.206s] GC(3)   Post Evacuate Collection Set: 1.6ms
[2025-11-09T23:35:17.479+0000][3.206s] GC(3)   Other: 0.2ms
[2025-11-09T23:35:17.479+0000][3.206s] GC(3) Eden regions: 100->0(182)
[2025-11-09T23:35:17.479+0000][3.206s] GC(3) Survivor regions: 2->7(15)
[2025-11-09T23:35:17.479+0000][3.206s] GC(3) Old regions: 18->18
[2025-11-09T23:35:17.479+0000][3.206s] GC(3) Archive regions: 2->2
[2025-11-09T23:35:17.479+0000][3.206s] GC(3) Humongous regions: 4->4
[2025-11-09T23:35:17.479+0000][3.206s] GC(3) Metaspace: 35604K(35968K)->35604K(35968K) NonClass: 31169K(31296K)->31169K(31296K) Class: 4434K(4672K)->4434K(4672K)
[2025-11-09T23:35:17.479+0000][3.206s] GC(3) Pause Young (Concurrent Start) (Metadata GC Threshold) 124M->29M(2048M) 6.247ms
[2025-11-09T23:35:17.479+0000][3.206s] GC(3) User=0.04s Sys=0.01s Real=0.00s
[2025-11-09T23:35:17.479+0000][3.206s] GC(4) Concurrent Mark Cycle
[2025-11-09T23:35:17.479+0000][3.206s] GC(4) Concurrent Clear Claimed Marks
[2025-11-09T23:35:17.479+0000][3.206s] GC(4) Concurrent Clear Claimed Marks 0.033ms
[2025-11-09T23:35:17.479+0000][3.206s] GC(4) Concurrent Scan Root Regions
[2025-11-09T23:35:17.481+0000][3.207s] GC(4) Concurrent Scan Root Regions 1.706ms
[2025-11-09T23:35:17.481+0000][3.207s] GC(4) Concurrent Mark
[2025-11-09T23:35:17.481+0000][3.208s] GC(4) Concurrent Mark From Roots
[2025-11-09T23:35:17.481+0000][3.208s] GC(4) Using 3 workers of 3 for marking
[2025-11-09T23:35:17.492+0000][3.218s] GC(4) Concurrent Mark From Roots 10.674ms
[2025-11-09T23:35:17.492+0000][3.218s] GC(4) Concurrent Preclean
[2025-11-09T23:35:17.492+0000][3.218s] GC(4) Concurrent Preclean 0.135ms
[2025-11-09T23:35:17.493+0000][3.219s] GC(4) Pause Remark
[2025-11-09T23:35:17.496+0000][3.222s] GC(4) Pause Remark 30M->30M(2048M) 2.664ms
[2025-11-09T23:35:17.496+0000][3.222s] GC(4) User=0.01s Sys=0.00s Real=0.00s
[2025-11-09T23:35:17.496+0000][3.222s] GC(4) Concurrent Mark 14.633ms
[2025-11-09T23:35:17.496+0000][3.222s] GC(4) Concurrent Rebuild Remembered Sets
[2025-11-09T23:35:17.500+0000][3.226s] GC(4) Concurrent Rebuild Remembered Sets 4.225ms
[2025-11-09T23:35:17.500+0000][3.227s] GC(4) Pause Cleanup
[2025-11-09T23:35:17.501+0000][3.227s] GC(4) Pause Cleanup 31M->31M(2048M) 0.428ms
[2025-11-09T23:35:17.501+0000][3.227s] GC(4) User=0.00s Sys=0.00s Real=0.00s
[2025-11-09T23:35:17.501+0000][3.227s] GC(4) Concurrent Cleanup for Next Mark
[2025-11-09T23:35:17.517+0000][3.244s] GC(4) Concurrent Cleanup for Next Mark 16.092ms
[2025-11-09T23:35:17.517+0000][3.244s] GC(4) Concurrent Mark Cycle 37.899ms
[2025-11-09T23:35:19.116+0000][4.842s] GC(5) Pause Young (Normal) (G1 Evacuation Pause)
[2025-11-09T23:35:19.116+0000][4.842s] GC(5) Using 13 workers of 13 for evacuation
[2025-11-09T23:35:19.126+0000][4.852s] GC(5)   Pre Evacuate Collection Set: 0.4ms
[2025-11-09T23:35:19.126+0000][4.852s] GC(5)   Merge Heap Roots: 0.2ms
[2025-11-09T23:35:19.126+0000][4.852s] GC(5)   Evacuate Collection Set: 8.3ms
[2025-11-09T23:35:19.126+0000][4.852s] GC(5)   Post Evacuate Collection Set: 1.2ms
[2025-11-09T23:35:19.126+0000][4.852s] GC(5)   Other: 0.1ms
[2025-11-09T23:35:19.126+0000][4.852s] GC(5) Eden regions: 182->0(294)
[2025-11-09T23:35:19.126+0000][4.852s] GC(5) Survivor regions: 7->24(24)
[2025-11-09T23:35:19.126+0000][4.852s] GC(5) Old regions: 18->19
[2025-11-09T23:35:19.126+0000][4.852s] GC(5) Archive regions: 2->2
[2025-11-09T23:35:19.126+0000][4.852s] GC(5) Humongous regions: 8->7
[2025-11-09T23:35:19.126+0000][4.852s] GC(5) Metaspace: 54375K(54912K)->54375K(54912K) NonClass: 47417K(47680K)->47417K(47680K) Class: 6957K(7232K)->6957K(7232K)
[2025-11-09T23:35:19.126+0000][4.852s] GC(5) Pause Young (Normal) (G1 Evacuation Pause) 215M->50M(2048M) 10.274ms
[2025-11-09T23:35:19.126+0000][4.852s] GC(5) User=0.11s Sys=0.00s Real=0.01s
[2025-11-09T23:43:03.823+0000][470.063s] Heap
[2025-11-09T23:43:03.823+0000][470.063s]  garbage-first heap   total 2097152K, used 107758K [0x0000000080000000, 0x0000000100000000)
[2025-11-09T23:43:03.823+0000][470.063s]   region size 1024K, 78 young (79872K), 24 survivors (24576K)
[2025-11-09T23:43:03.823+0000][470.063s]  Metaspace       used 55555K, committed 56000K, reserved 1114112K
[2025-11-09T23:43:03.823+0000][470.063s]   class space    used 7092K, committed 7296K, reserved 1048576K
