[2025-11-09T23:06:41.635+0000][0.004s] Using G1
[2025-11-09T23:06:41.829+0000][0.198s] Version: 17.0.12+7 (release)
[2025-11-09T23:06:41.829+0000][0.198s] CPUs: 16 total, 16 available
[2025-11-09T23:06:41.829+0000][0.198s] Memory: 15848M
[2025-11-09T23:06:41.829+0000][0.198s] Large Page Support: Disabled
[2025-11-09T23:06:41.829+0000][0.198s] NUMA Support: Disabled
[2025-11-09T23:06:41.829+0000][0.198s] Compressed Oops: Enabled (32-bit)
[2025-11-09T23:06:41.829+0000][0.198s] Heap Region Size: 1M
[2025-11-09T23:06:41.829+0000][0.198s] Heap Min Capacity: 2G
[2025-11-09T23:06:41.829+0000][0.198s] Heap Initial Capacity: 2G
[2025-11-09T23:06:41.829+0000][0.198s] Heap Max Capacity: 2G
[2025-11-09T23:06:41.829+0000][0.198s] Pre-touch: Enabled
[2025-11-09T23:06:41.829+0000][0.198s] Parallel Workers: 13
[2025-11-09T23:06:41.829+0000][0.198s] Concurrent Workers: 3
[2025-11-09T23:06:41.829+0000][0.198s] Concurrent Refinement Workers: 13
[2025-11-09T23:06:41.829+0000][0.198s] Periodic GC: Disabled
[2025-11-09T23:06:41.834+0000][0.203s] CDS archive(s) mapped at: [0x00007f7ca7000000-0x00007f7ca7a60000-0x00007f7ca7a60000), size 10878976, SharedBaseAddress: 0x00007f7ca7000000, ArchiveRelocationMode: 1.
[2025-11-09T23:06:41.834+0000][0.203s] Compressed class space mapped at: 0x00007f7ca8000000-0x00007f7ce8000000, reserved size: 1073741824
[2025-11-09T23:06:41.834+0000][0.203s] Narrow klass base: 0x00007f7ca7000000, Narrow klass shift: 0, Narrow klass range: 0x100000000
[2025-11-09T23:06:43.059+0000][1.429s] GC(0) Pause Young (Normal) (G1 Evacuation Pause)
[2025-11-09T23:06:43.059+0000][1.429s] GC(0) Using 13 workers of 13 for evacuation
[2025-11-09T23:06:43.064+0000][1.434s] GC(0)   Pre Evacuate Collection Set: 0.3ms
[2025-11-09T23:06:43.064+0000][1.434s] GC(0)   Merge Heap Roots: 0.2ms
[2025-11-09T23:06:43.064+0000][1.434s] GC(0)   Evacuate Collection Set: 3.5ms
[2025-11-09T23:06:43.064+0000][1.434s] GC(0)   Post Evacuate Collection Set: 0.8ms
[2025-11-09T23:06:43.064+0000][1.434s] GC(0)   Other: 0.1ms
[2025-11-09T23:06:43.064+0000][1.434s] GC(0) Eden regions: 102->0(89)
[2025-11-09T23:06:43.064+0000][1.434s] GC(0) Survivor regions: 0->13(13)
[2025-11-09T23:06:43.064+0000][1.434s] GC(0) Old regions: 0->5
[2025-11-09T23:06:43.064+0000][1.434s] GC(0) Archive regions: 2->2
[2025-11-09T23:06:43.064+0000][1.434s] GC(0) Humongous regions: 4->4
[2025-11-09T23:06:43.064+0000][1.434s] GC(0) Metaspace: 19085K(19392K)->19085K(19392K) NonClass: 16767K(16896K)->16767K(16896K) Class: 2317K(2496K)->2317K(2496K)
[2025-11-09T23:06:43.064+0000][1.434s] GC(0) Pause Young (Normal) (G1 Evacuation Pause) 106M->22M(2048M) 4.965ms
[2025-11-09T23:06:43.064+0000][1.434s] GC(0) User=0.03s Sys=0.01s Real=0.01s
[2025-11-09T23:06:43.175+0000][1.544s] GC(1) Pause Young (Concurrent Start) (Metadata GC Threshold)
[2025-11-09T23:06:43.175+0000][1.545s] GC(1) Using 13 workers of 13 for evacuation
[2025-11-09T23:06:43.179+0000][1.548s] GC(1)   Pre Evacuate Collection Set: 0.2ms
[2025-11-09T23:06:43.179+0000][1.548s] GC(1)   Merge Heap Roots: 0.1ms
[2025-11-09T23:06:43.179+0000][1.548s] GC(1)   Evacuate Collection Set: 2.5ms
[2025-11-09T23:06:43.179+0000][1.548s] GC(1)   Post Evacuate Collection Set: 0.5ms
[2025-11-09T23:06:43.179+0000][1.548s] GC(1)   Other: 0.3ms
[2025-11-09T23:06:43.179+0000][1.548s] GC(1) Eden regions: 12->0(120)
[2025-11-09T23:06:43.179+0000][1.548s] GC(1) Survivor regions: 13->2(13)
[2025-11-09T23:06:43.179+0000][1.548s] GC(1) Old regions: 5->19
[2025-11-09T23:06:43.179+0000][1.548s] GC(1) Archive regions: 2->2
[2025-11-09T23:06:43.179+0000][1.548s] GC(1) Humongous regions: 4->4
[2025-11-09T23:06:43.179+0000][1.548s] GC(1) Metaspace: 21200K(21504K)->21200K(21504K) NonClass: 18607K(18752K)->18607K(18752K) Class: 2592K(2752K)->2592K(2752K)
[2025-11-09T23:06:43.179+0000][1.548s] GC(1) Pause Young (Concurrent Start) (Metadata GC Threshold) 34M->24M(2048M) 3.614ms
[2025-11-09T23:06:43.179+0000][1.548s] GC(1) User=0.02s Sys=0.01s Real=0.00s
[2025-11-09T23:06:43.179+0000][1.548s] GC(2) Concurrent Mark Cycle
[2025-11-09T23:06:43.179+0000][1.548s] GC(2) Concurrent Clear Claimed Marks
[2025-11-09T23:06:43.179+0000][1.548s] GC(2) Concurrent Clear Claimed Marks 0.022ms
[2025-11-09T23:06:43.179+0000][1.548s] GC(2) Concurrent Scan Root Regions
[2025-11-09T23:06:43.181+0000][1.550s] GC(2) Concurrent Scan Root Regions 1.712ms
[2025-11-09T23:06:43.181+0000][1.550s] GC(2) Concurrent Mark
[2025-11-09T23:06:43.181+0000][1.550s] GC(2) Concurrent Mark From Roots
[2025-11-09T23:06:43.181+0000][1.550s] GC(2) Using 3 workers of 3 for marking
[2025-11-09T23:06:43.184+0000][1.553s] GC(2) Concurrent Mark From Roots 2.986ms
[2025-11-09T23:06:43.184+0000][1.553s] GC(2) Concurrent Preclean
[2025-11-09T23:06:43.184+0000][1.553s] GC(2) Concurrent Preclean 0.039ms
[2025-11-09T23:06:43.184+0000][1.553s] GC(2) Pause Remark
[2025-11-09T23:06:43.186+0000][1.555s] GC(2) Pause Remark 25M->25M(2048M) 1.690ms
[2025-11-09T23:06:43.186+0000][1.555s] GC(2) User=0.00s Sys=0.00s Real=0.00s
[2025-11-09T23:06:43.186+0000][1.555s] GC(2) Concurrent Mark 5.068ms
[2025-11-09T23:06:43.186+0000][1.555s] GC(2) Concurrent Rebuild Remembered Sets
[2025-11-09T23:06:43.188+0000][1.558s] GC(2) Concurrent Rebuild Remembered Sets 2.526ms
[2025-11-09T23:06:43.188+0000][1.558s] GC(2) Pause Cleanup
[2025-11-09T23:06:43.189+0000][1.558s] GC(2) Pause Cleanup 25M->25M(2048M) 0.332ms
[2025-11-09T23:06:43.189+0000][1.558s] GC(2) User=0.00s Sys=0.00s Real=0.00s
[2025-11-09T23:06:43.189+0000][1.558s] GC(2) Concurrent Cleanup for Next Mark
[2025-11-09T23:06:43.190+0000][1.559s] GC(2) Concurrent Cleanup for Next Mark 1.119ms
[2025-11-09T23:06:43.190+0000][1.559s] GC(2) Concurrent Mark Cycle 11.131ms
[2025-11-09T23:06:43.976+0000][2.345s] GC(3) Pause Young (Concurrent Start) (Metadata GC Threshold)
[2025-11-09T23:06:43.976+0000][2.346s] GC(3) Using 13 workers of 13 for evacuation
[2025-11-09T23:06:43.981+0000][2.350s] GC(3)   Pre Evacuate Collection Set: 0.3ms
[2025-11-09T23:06:43.981+0000][2.350s] GC(3)   Merge Heap Roots: 0.2ms
[2025-11-09T23:06:43.981+0000][2.350s] GC(3)   Evacuate Collection Set: 3.1ms
[2025-11-09T23:06:43.981+0000][2.350s] GC(3)   Post Evacuate Collection Set: 1.1ms
[2025-11-09T23:06:43.981+0000][2.350s] GC(3)   Other: 0.2ms
[2025-11-09T23:06:43.981+0000][2.350s] GC(3) Eden regions: 95->0(187)
[2025-11-09T23:06:43.981+0000][2.350s] GC(3) Survivor regions: 2->7(16)
[2025-11-09T23:06:43.981+0000][2.350s] GC(3) Old regions: 19->19
[2025-11-09T23:06:43.981+0000][2.350s] GC(3) Archive regions: 2->2
[2025-11-09T23:06:43.981+0000][2.350s] GC(3) Humongous regions: 4->4
[2025-11-09T23:06:43.981+0000][2.350s] GC(3) Metaspace: 35733K(36096K)->35733K(36096K) NonClass: 31276K(31424K)->31276K(31424K) Class: 4456K(4672K)->4456K(4672K)
[2025-11-09T23:06:43.981+0000][2.350s] GC(3) Pause Young (Concurrent Start) (Metadata GC Threshold) 119M->29M(2048M) 4.952ms
[2025-11-09T23:06:43.981+0000][2.350s] GC(3) User=0.03s Sys=0.02s Real=0.01s
[2025-11-09T23:06:43.981+0000][2.350s] GC(4) Concurrent Mark Cycle
[2025-11-09T23:06:43.981+0000][2.351s] GC(4) Concurrent Clear Claimed Marks
[2025-11-09T23:06:43.981+0000][2.351s] GC(4) Concurrent Clear Claimed Marks 0.021ms
[2025-11-09T23:06:43.981+0000][2.351s] GC(4) Concurrent Scan Root Regions
[2025-11-09T23:06:43.983+0000][2.352s] GC(4) Concurrent Scan Root Regions 1.526ms
[2025-11-09T23:06:43.983+0000][2.352s] GC(4) Concurrent Mark
[2025-11-09T23:06:43.983+0000][2.352s] GC(4) Concurrent Mark From Roots
[2025-11-09T23:06:43.983+0000][2.352s] GC(4) Using 3 workers of 3 for marking
[2025-11-09T23:06:43.992+0000][2.361s] GC(4) Concurrent Mark From Roots 8.819ms
[2025-11-09T23:06:43.992+0000][2.361s] GC(4) Concurrent Preclean
[2025-11-09T23:06:43.992+0000][2.361s] GC(4) Concurrent Preclean 0.231ms
[2025-11-09T23:06:43.992+0000][2.361s] GC(4) Pause Remark
[2025-11-09T23:06:43.994+0000][2.363s] GC(4) Pause Remark 31M->31M(2048M) 2.085ms
[2025-11-09T23:06:43.994+0000][2.363s] GC(4) User=0.00s Sys=0.00s Real=0.00s
[2025-11-09T23:06:43.994+0000][2.363s] GC(4) Concurrent Mark 11.383ms
[2025-11-09T23:06:43.994+0000][2.364s] GC(4) Concurrent Rebuild Remembered Sets
[2025-11-09T23:06:43.998+0000][2.367s] GC(4) Concurrent Rebuild Remembered Sets 3.331ms
[2025-11-09T23:06:43.998+0000][2.367s] GC(4) Pause Cleanup
[2025-11-09T23:06:43.998+0000][2.367s] GC(4) Pause Cleanup 31M->31M(2048M) 0.314ms
[2025-11-09T23:06:43.998+0000][2.367s] GC(4) User=0.00s Sys=0.00s Real=0.00s
[2025-11-09T23:06:43.998+0000][2.368s] GC(4) Concurrent Cleanup for Next Mark
[2025-11-09T23:06:44.000+0000][2.369s] GC(4) Concurrent Cleanup for Next Mark 1.644ms
[2025-11-09T23:06:44.000+0000][2.369s] GC(4) Concurrent Mark Cycle 18.716ms
[2025-11-09T23:12:26.918+0000][345.719s] Heap
[2025-11-09T23:12:26.918+0000][345.720s]  garbage-first heap   total 2097152K, used 204028K [0x0000000080000000, 0x0000000100000000)
[2025-11-09T23:12:26.918+0000][345.720s]   region size 1024K, 177 young (181248K), 7 survivors (7168K)
[2025-11-09T23:12:26.918+0000][345.720s]  Metaspace       used 52303K, committed 52736K, reserved 1114112K
[2025-11-09T23:12:26.918+0000][345.720s]   class space    used 6720K, committed 6912K, reserved 1048576K
