[2025-11-09T22:59:08.114+0000][0.004s] Using G1
[2025-11-09T22:59:08.251+0000][0.142s] Version: 17.0.12+7 (release)
[2025-11-09T22:59:08.251+0000][0.142s] CPUs: 16 total, 16 available
[2025-11-09T22:59:08.251+0000][0.142s] Memory: 15848M
[2025-11-09T22:59:08.251+0000][0.142s] Large Page Support: Disabled
[2025-11-09T22:59:08.251+0000][0.142s] NUMA Support: Disabled
[2025-11-09T22:59:08.251+0000][0.142s] Compressed Oops: Enabled (32-bit)
[2025-11-09T22:59:08.251+0000][0.142s] Heap Region Size: 1M
[2025-11-09T22:59:08.251+0000][0.142s] Heap Min Capacity: 2G
[2025-11-09T22:59:08.251+0000][0.142s] Heap Initial Capacity: 2G
[2025-11-09T22:59:08.251+0000][0.142s] Heap Max Capacity: 2G
[2025-11-09T22:59:08.251+0000][0.142s] Pre-touch: Enabled
[2025-11-09T22:59:08.251+0000][0.142s] Parallel Workers: 13
[2025-11-09T22:59:08.251+0000][0.142s] Concurrent Workers: 3
[2025-11-09T22:59:08.251+0000][0.142s] Concurrent Refinement Workers: 13
[2025-11-09T22:59:08.251+0000][0.142s] Periodic GC: Disabled
[2025-11-09T22:59:08.257+0000][0.147s] CDS archive(s) mapped at: [0x00007f54cb000000-0x00007f54cba60000-0x00007f54cba60000), size 10878976, SharedBaseAddress: 0x00007f54cb000000, ArchiveRelocationMode: 1.
[2025-11-09T22:59:08.257+0000][0.147s] Compressed class space mapped at: 0x00007f54cc000000-0x00007f550c000000, reserved size: 1073741824
[2025-11-09T22:59:08.257+0000][0.147s] Narrow klass base: 0x00007f54cb000000, Narrow klass shift: 0, Narrow klass range: 0x100000000
[2025-11-09T22:59:09.752+0000][1.642s] GC(0) Pause Young (Normal) (G1 Evacuation Pause)
[2025-11-09T22:59:09.752+0000][1.642s] GC(0) Using 13 workers of 13 for evacuation
[2025-11-09T22:59:09.758+0000][1.648s] GC(0)   Pre Evacuate Collection Set: 0.6ms
[2025-11-09T22:59:09.758+0000][1.648s] GC(0)   Merge Heap Roots: 0.2ms
[2025-11-09T22:59:09.758+0000][1.648s] GC(0)   Evacuate Collection Set: 3.9ms
[2025-11-09T22:59:09.758+0000][1.648s] GC(0)   Post Evacuate Collection Set: 1.0ms
[2025-11-09T22:59:09.758+0000][1.648s] GC(0)   Other: 0.1ms
[2025-11-09T22:59:09.758+0000][1.648s] GC(0) Eden regions: 102->0(89)
[2025-11-09T22:59:09.758+0000][1.648s] GC(0) Survivor regions: 0->13(13)
[2025-11-09T22:59:09.758+0000][1.648s] GC(0) Old regions: 0->6
[2025-11-09T22:59:09.758+0000][1.648s] GC(0) Archive regions: 2->2
[2025-11-09T22:59:09.758+0000][1.648s] GC(0) Humongous regions: 4->4
[2025-11-09T22:59:09.758+0000][1.648s] GC(0) Metaspace: 19075K(19392K)->19075K(19392K) NonClass: 16757K(16896K)->16757K(16896K) Class: 2317K(2496K)->2317K(2496K)
[2025-11-09T22:59:09.758+0000][1.648s] GC(0) Pause Young (Normal) (G1 Evacuation Pause) 106M->22M(2048M) 5.908ms
[2025-11-09T22:59:09.758+0000][1.648s] GC(0) User=0.07s Sys=0.00s Real=0.01s
[2025-11-09T22:59:09.916+0000][1.807s] GC(1) Pause Young (Concurrent Start) (Metadata GC Threshold)
[2025-11-09T22:59:09.916+0000][1.807s] GC(1) Using 13 workers of 13 for evacuation
[2025-11-09T22:59:09.920+0000][1.811s] GC(1)   Pre Evacuate Collection Set: 0.3ms
[2025-11-09T22:59:09.920+0000][1.811s] GC(1)   Merge Heap Roots: 0.1ms
[2025-11-09T22:59:09.920+0000][1.811s] GC(1)   Evacuate Collection Set: 2.8ms
[2025-11-09T22:59:09.920+0000][1.811s] GC(1)   Post Evacuate Collection Set: 0.5ms
[2025-11-09T22:59:09.920+0000][1.811s] GC(1)   Other: 0.2ms
[2025-11-09T22:59:09.920+0000][1.811s] GC(1) Eden regions: 12->0(120)
[2025-11-09T22:59:09.920+0000][1.811s] GC(1) Survivor regions: 13->2(13)
[2025-11-09T22:59:09.920+0000][1.811s] GC(1) Old regions: 6->19
[2025-11-09T22:59:09.920+0000][1.811s] GC(1) Archive regions: 2->2
[2025-11-09T22:59:09.920+0000][1.811s] GC(1) Humongous regions: 4->4
[2025-11-09T22:59:09.920+0000][1.811s] GC(1) Metaspace: 21192K(21504K)->21192K(21504K) NonClass: 18599K(18752K)->18599K(18752K) Class: 2592K(2752K)->2592K(2752K)
[2025-11-09T22:59:09.920+0000][1.811s] GC(1) Pause Young (Concurrent Start) (Metadata GC Threshold) 34M->24M(2048M) 3.965ms
[2025-11-09T22:59:09.920+0000][1.811s] GC(1) User=0.02s Sys=0.01s Real=0.00s
[2025-11-09T22:59:09.920+0000][1.811s] GC(2) Concurrent Mark Cycle
[2025-11-09T22:59:09.920+0000][1.811s] GC(2) Concurrent Clear Claimed Marks
[2025-11-09T22:59:09.920+0000][1.811s] GC(2) Concurrent Clear Claimed Marks 0.049ms
[2025-11-09T22:59:09.920+0000][1.811s] GC(2) Concurrent Scan Root Regions
[2025-11-09T22:59:09.922+0000][1.812s] GC(2) Concurrent Scan Root Regions 1.527ms
[2025-11-09T22:59:09.922+0000][1.812s] GC(2) Concurrent Mark
[2025-11-09T22:59:09.922+0000][1.812s] GC(2) Concurrent Mark From Roots
[2025-11-09T22:59:09.922+0000][1.812s] GC(2) Using 3 workers of 3 for marking
[2025-11-09T22:59:09.925+0000][1.816s] GC(2) Concurrent Mark From Roots 3.435ms
[2025-11-09T22:59:09.925+0000][1.816s] GC(2) Concurrent Preclean
[2025-11-09T22:59:09.925+0000][1.816s] GC(2) Concurrent Preclean 0.046ms
[2025-11-09T22:59:09.925+0000][1.816s] GC(2) Pause Remark
[2025-11-09T22:59:09.927+0000][1.818s] GC(2) Pause Remark 25M->25M(2048M) 1.806ms
[2025-11-09T22:59:09.927+0000][1.818s] GC(2) User=0.00s Sys=0.01s Real=0.00s
[2025-11-09T22:59:09.927+0000][1.818s] GC(2) Concurrent Mark 5.514ms
[2025-11-09T22:59:09.927+0000][1.818s] GC(2) Concurrent Rebuild Remembered Sets
[2025-11-09T22:59:09.930+0000][1.821s] GC(2) Concurrent Rebuild Remembered Sets 2.670ms
[2025-11-09T22:59:09.930+0000][1.821s] GC(2) Pause Cleanup
[2025-11-09T22:59:09.931+0000][1.821s] GC(2) Pause Cleanup 25M->25M(2048M) 0.305ms
[2025-11-09T22:59:09.931+0000][1.821s] GC(2) User=0.00s Sys=0.00s Real=0.00s
[2025-11-09T22:59:09.931+0000][1.821s] GC(2) Concurrent Cleanup for Next Mark
[2025-11-09T22:59:09.938+0000][1.828s] GC(2) Concurrent Cleanup for Next Mark 7.273ms
[2025-11-09T22:59:09.938+0000][1.828s] GC(2) Concurrent Mark Cycle 17.660ms
[2025-11-09T22:59:11.202+0000][3.092s] GC(3) Pause Young (Normal) (G1 Evacuation Pause)
[2025-11-09T22:59:11.202+0000][3.092s] GC(3) Using 13 workers of 13 for evacuation
[2025-11-09T22:59:11.206+0000][3.097s] GC(3)   Pre Evacuate Collection Set: 0.5ms
[2025-11-09T22:59:11.206+0000][3.097s] GC(3)   Merge Heap Roots: 0.2ms
[2025-11-09T22:59:11.206+0000][3.097s] GC(3)   Evacuate Collection Set: 2.6ms
[2025-11-09T22:59:11.206+0000][3.097s] GC(3)   Post Evacuate Collection Set: 1.2ms
[2025-11-09T22:59:11.206+0000][3.097s] GC(3)   Other: 0.2ms
[2025-11-09T22:59:11.206+0000][3.097s] GC(3) Eden regions: 120->0(302)
[2025-11-09T22:59:11.206+0000][3.097s] GC(3) Survivor regions: 2->7(16)
[2025-11-09T22:59:11.206+0000][3.097s] GC(3) Old regions: 19->19
[2025-11-09T22:59:11.206+0000][3.097s] GC(3) Archive regions: 2->2
[2025-11-09T22:59:11.206+0000][3.097s] GC(3) Humongous regions: 4->4
[2025-11-09T22:59:11.206+0000][3.097s] GC(3) Metaspace: 34978K(35392K)->34978K(35392K) NonClass: 30626K(30848K)->30626K(30848K) Class: 4352K(4544K)->4352K(4544K)
[2025-11-09T22:59:11.206+0000][3.097s] GC(3) Pause Young (Normal) (G1 Evacuation Pause) 144M->29M(2048M) 4.718ms
[2025-11-09T22:59:11.206+0000][3.097s] GC(3) User=0.05s Sys=0.02s Real=0.01s
[2025-11-09T22:59:11.252+0000][3.142s] GC(4) Pause Young (Concurrent Start) (Metadata GC Threshold)
[2025-11-09T22:59:11.252+0000][3.142s] GC(4) Using 13 workers of 13 for evacuation
[2025-11-09T22:59:11.255+0000][3.146s] GC(4)   Pre Evacuate Collection Set: 0.3ms
[2025-11-09T22:59:11.255+0000][3.146s] GC(4)   Merge Heap Roots: 0.2ms
[2025-11-09T22:59:11.255+0000][3.146s] GC(4)   Evacuate Collection Set: 2.3ms
[2025-11-09T22:59:11.255+0000][3.146s] GC(4)   Post Evacuate Collection Set: 0.7ms
[2025-11-09T22:59:11.255+0000][3.146s] GC(4)   Other: 0.2ms
[2025-11-09T22:59:11.255+0000][3.146s] GC(4) Eden regions: 10->0(599)
[2025-11-09T22:59:11.255+0000][3.146s] GC(4) Survivor regions: 7->7(39)
[2025-11-09T22:59:11.255+0000][3.146s] GC(4) Old regions: 19->19
[2025-11-09T22:59:11.255+0000][3.146s] GC(4) Archive regions: 2->2
[2025-11-09T22:59:11.255+0000][3.146s] GC(4) Humongous regions: 4->4
[2025-11-09T22:59:11.255+0000][3.146s] GC(4) Metaspace: 35561K(35968K)->35561K(35968K) NonClass: 31136K(31296K)->31136K(31296K) Class: 4425K(4672K)->4425K(4672K)
[2025-11-09T22:59:11.255+0000][3.146s] GC(4) Pause Young (Concurrent Start) (Metadata GC Threshold) 39M->29M(2048M) 3.834ms
[2025-11-09T22:59:11.255+0000][3.146s] GC(4) User=0.04s Sys=0.00s Real=0.01s
[2025-11-09T22:59:11.256+0000][3.146s] GC(5) Concurrent Mark Cycle
[2025-11-09T22:59:11.256+0000][3.146s] GC(5) Concurrent Clear Claimed Marks
[2025-11-09T22:59:11.256+0000][3.146s] GC(5) Concurrent Clear Claimed Marks 0.029ms
[2025-11-09T22:59:11.256+0000][3.146s] GC(5) Concurrent Scan Root Regions
[2025-11-09T22:59:11.257+0000][3.148s] GC(5) Concurrent Scan Root Regions 1.618ms
[2025-11-09T22:59:11.257+0000][3.148s] GC(5) Concurrent Mark
[2025-11-09T22:59:11.257+0000][3.148s] GC(5) Concurrent Mark From Roots
[2025-11-09T22:59:11.257+0000][3.148s] GC(5) Using 3 workers of 3 for marking
[2025-11-09T22:59:11.267+0000][3.157s] GC(5) Concurrent Mark From Roots 9.261ms
[2025-11-09T22:59:11.267+0000][3.157s] GC(5) Concurrent Preclean
[2025-11-09T22:59:11.267+0000][3.157s] GC(5) Concurrent Preclean 0.168ms
[2025-11-09T22:59:11.267+0000][3.157s] GC(5) Pause Remark
[2025-11-09T22:59:11.269+0000][3.159s] GC(5) Pause Remark 31M->31M(2048M) 1.916ms
[2025-11-09T22:59:11.269+0000][3.159s] GC(5) User=0.01s Sys=0.00s Real=0.00s
[2025-11-09T22:59:11.269+0000][3.159s] GC(5) Concurrent Mark 11.712ms
[2025-11-09T22:59:11.269+0000][3.159s] GC(5) Concurrent Rebuild Remembered Sets
[2025-11-09T22:59:11.273+0000][3.163s] GC(5) Concurrent Rebuild Remembered Sets 3.945ms
[2025-11-09T22:59:11.274+0000][3.164s] GC(5) Pause Cleanup
[2025-11-09T22:59:11.274+0000][3.165s] GC(5) Pause Cleanup 31M->31M(2048M) 0.368ms
[2025-11-09T22:59:11.274+0000][3.165s] GC(5) User=0.00s Sys=0.00s Real=0.00s
[2025-11-09T22:59:11.274+0000][3.165s] GC(5) Concurrent Cleanup for Next Mark
[2025-11-09T22:59:11.286+0000][3.177s] GC(5) Concurrent Cleanup for Next Mark 11.894ms
[2025-11-09T22:59:11.286+0000][3.177s] GC(5) Concurrent Mark Cycle 30.585ms
[2025-11-09T23:03:25.376+0000][257.450s] Heap
[2025-11-09T23:03:25.376+0000][257.450s]  garbage-first heap   total 2097152K, used 431932K [0x0000000080000000, 0x0000000100000000)
[2025-11-09T23:03:25.376+0000][257.450s]   region size 1024K, 395 young (404480K), 7 survivors (7168K)
[2025-11-09T23:03:25.376+0000][257.450s]  Metaspace       used 55900K, committed 56448K, reserved 1114112K
[2025-11-09T23:03:25.376+0000][257.450s]   class space    used 7090K, committed 7360K, reserved 1048576K
